stm32f1xx_ll_usb.c:82:19:USB_CoreInit	24	static
stm32f1xx_ll_usb.c:124:19:USB_SetTurnaroundTime	32	static
stm32f1xx_ll_usb.c:203:19:USB_EnableGlobalInt	16	static
stm32f1xx_ll_usb.c:215:19:USB_DisableGlobalInt	16	static
stm32f1xx_ll_usb.c:231:19:USB_SetCurrentMode	16	static
stm32f1xx_ll_usb.c:260:19:USB_DevInit	32	static
stm32f1xx_ll_usb.c:381:19:USB_FlushTxFifo	24	static
stm32f1xx_ll_usb.c:404:19:USB_FlushRxFifo	24	static
stm32f1xx_ll_usb.c:431:19:USB_SetDevSpeed	24	static
stm32f1xx_ll_usb.c:446:9:USB_GetDevSpeed	32	static
stm32f1xx_ll_usb.c:471:19:USB_ActivateEndpoint	24	static
stm32f1xx_ll_usb.c:509:19:USB_ActivateDedicatedEndpoint	24	static
stm32f1xx_ll_usb.c:548:19:USB_DeactivateEndpoint	24	static
stm32f1xx_ll_usb.c:583:19:USB_DeactivateDedicatedEndpoint	24	static
stm32f1xx_ll_usb.c:609:19:USB_EPStartXfer	32	static
stm32f1xx_ll_usb.c:713:19:USB_EP0StartXfer	24	static
stm32f1xx_ll_usb.c:788:19:USB_WritePacket	40	static
stm32f1xx_ll_usb.c:811:7:USB_ReadPacket	40	static
stm32f1xx_ll_usb.c:833:19:USB_EPSetStall	24	static
stm32f1xx_ll_usb.c:864:19:USB_EPClearStall	24	static
stm32f1xx_ll_usb.c:893:19:USB_StopDevice	32	static
stm32f1xx_ll_usb.c:934:20:USB_SetDevAddress	24	static
stm32f1xx_ll_usb.c:949:20:USB_DevConnect	24	static
stm32f1xx_ll_usb.c:964:20:USB_DevDisconnect	24	static
stm32f1xx_ll_usb.c:979:11:USB_ReadInterrupts	24	static
stm32f1xx_ll_usb.c:994:10:USB_ReadDevAllOutEpInterrupt	24	static
stm32f1xx_ll_usb.c:1010:10:USB_ReadDevAllInEpInterrupt	24	static
stm32f1xx_ll_usb.c:1028:10:USB_ReadDevOutEPInterrupt	24	static
stm32f1xx_ll_usb.c:1046:10:USB_ReadDevInEPInterrupt	32	static
stm32f1xx_ll_usb.c:1065:7:USB_ClearInterrupts	16	static
stm32f1xx_ll_usb.c:1078:10:USB_GetMode	16	static
stm32f1xx_ll_usb.c:1088:20:USB_ActivateSetup	24	static
stm32f1xx_ll_usb.c:1106:19:USB_EP0_OutStart	24	static
stm32f1xx_ll_usb.c:1133:26:USB_CoreReset	24	static
stm32f1xx_ll_usb.c:1171:19:USB_HostInit	24	static
stm32f1xx_ll_usb.c:1232:19:USB_InitFSLSPClkSel	24	static
stm32f1xx_ll_usb.c:1262:19:USB_ResetPort	24	static
stm32f1xx_ll_usb.c:1289:19:USB_DriveVbus	24	static
stm32f1xx_ll_usb.c:1318:10:USB_GetHostSpeed	24	static
stm32f1xx_ll_usb.c:1332:10:USB_GetCurrentFrame	24	static
stm32f1xx_ll_usb.c:1362:19:USB_HC_Init	32	static
stm32f1xx_ll_usb.c:1472:19:USB_HC_StartXfer	40	static
stm32f1xx_ll_usb.c:1573:10:USB_HC_ReadInterrupt	24	static
stm32f1xx_ll_usb.c:1587:19:USB_HC_Halt	32	static
stm32f1xx_ll_usb.c:1652:19:USB_DoPing	32	static
stm32f1xx_ll_usb.c:1676:19:USB_StopHost	32	static
stm32f1xx_ll_usb.c:1732:19:USB_ActivateRemoteWakeup	24	static
stm32f1xx_ll_usb.c:1750:19:USB_DeActivateRemoteWakeup	24	static
