15:19:04 **** Build of configuration Debug for project test_stuff ****
make -j12 all 
arm-none-eabi-gcc "../USB_HOST/Target/usbh_conf.c" -mcpu=cortex-m3 -std=gnu11 -g3 -DSTM32F105xC -DUSE_HAL_DRIVER -DDEBUG -c -I../USB_HOST/App -I../Drivers/CMSIS/Device/ST/STM32F1xx/Include -I../Drivers/CMSIS/Include -I../Middlewares/ST/STM32_USB_Host_Library/Class/HID/Inc -I../Core/Inc -I../Drivers/STM32F1xx_HAL_Driver/Inc/Legacy -I../Drivers/STM32F1xx_HAL_Driver/Inc -I../USB_HOST/Target -I../Middlewares/ST/STM32_USB_Host_Library/Core/Inc -O0 -ffunction-sections -fdata-sections -Wall -fstack-usage -MMD -MP -MF"USB_HOST/Target/usbh_conf.d" -MT"USB_HOST/Target/usbh_conf.o" --specs=nano.specs -mfloat-abi=soft -mthumb -o "USB_HOST/Target/usbh_conf.o"
arm-none-eabi-gcc "../USB_HOST/App/usb_host.c" -mcpu=cortex-m3 -std=gnu11 -g3 -DSTM32F105xC -DUSE_HAL_DRIVER -DDEBUG -c -I../USB_HOST/App -I../Drivers/CMSIS/Device/ST/STM32F1xx/Include -I../Drivers/CMSIS/Include -I../Middlewares/ST/STM32_USB_Host_Library/Class/HID/Inc -I../Core/Inc -I../Drivers/STM32F1xx_HAL_Driver/Inc/Legacy -I../Drivers/STM32F1xx_HAL_Driver/Inc -I../USB_HOST/Target -I../Middlewares/ST/STM32_USB_Host_Library/Core/Inc -O0 -ffunction-sections -fdata-sections -Wall -fstack-usage -MMD -MP -MF"USB_HOST/App/usb_host.d" -MT"USB_HOST/App/usb_host.o" --specs=nano.specs -mfloat-abi=soft -mthumb -o "USB_HOST/App/usb_host.o"
arm-none-eabi-gcc "../Middlewares/ST/STM32_USB_Host_Library/Core/Src/usbh_core.c" -mcpu=cortex-m3 -std=gnu11 -g3 -DSTM32F105xC -DUSE_HAL_DRIVER -DDEBUG -c -I../USB_HOST/App -I../Drivers/CMSIS/Device/ST/STM32F1xx/Include -I../Drivers/CMSIS/Include -I../Middlewares/ST/STM32_USB_Host_Library/Class/HID/Inc -I../Core/Inc -I../Drivers/STM32F1xx_HAL_Driver/Inc/Legacy -I../Drivers/STM32F1xx_HAL_Driver/Inc -I../USB_HOST/Target -I../Middlewares/ST/STM32_USB_Host_Library/Core/Inc -O0 -ffunction-sections -fdata-sections -Wall -fstack-usage -MMD -MP -MF"Middlewares/ST/STM32_USB_Host_Library/Core/Src/usbh_core.d" -MT"Middlewares/ST/STM32_USB_Host_Library/Core/Src/usbh_core.o" --specs=nano.specs -mfloat-abi=soft -mthumb -o "Middlewares/ST/STM32_USB_Host_Library/Core/Src/usbh_core.o"
arm-none-eabi-gcc "../Middlewares/ST/STM32_USB_Host_Library/Core/Src/usbh_ctlreq.c" -mcpu=cortex-m3 -std=gnu11 -g3 -DSTM32F105xC -DUSE_HAL_DRIVER -DDEBUG -c -I../USB_HOST/App -I../Drivers/CMSIS/Device/ST/STM32F1xx/Include -I../Drivers/CMSIS/Include -I../Middlewares/ST/STM32_USB_Host_Library/Class/HID/Inc -I../Core/Inc -I../Drivers/STM32F1xx_HAL_Driver/Inc/Legacy -I../Drivers/STM32F1xx_HAL_Driver/Inc -I../USB_HOST/Target -I../Middlewares/ST/STM32_USB_Host_Library/Core/Inc -O0 -ffunction-sections -fdata-sections -Wall -fstack-usage -MMD -MP -MF"Middlewares/ST/STM32_USB_Host_Library/Core/Src/usbh_ctlreq.d" -MT"Middlewares/ST/STM32_USB_Host_Library/Core/Src/usbh_ctlreq.o" --specs=nano.specs -mfloat-abi=soft -mthumb -o "Middlewares/ST/STM32_USB_Host_Library/Core/Src/usbh_ctlreq.o"
arm-none-eabi-gcc "../Middlewares/ST/STM32_USB_Host_Library/Core/Src/usbh_ioreq.c" -mcpu=cortex-m3 -std=gnu11 -g3 -DSTM32F105xC -DUSE_HAL_DRIVER -DDEBUG -c -I../USB_HOST/App -I../Drivers/CMSIS/Device/ST/STM32F1xx/Include -I../Drivers/CMSIS/Include -I../Middlewares/ST/STM32_USB_Host_Library/Class/HID/Inc -I../Core/Inc -I../Drivers/STM32F1xx_HAL_Driver/Inc/Legacy -I../Drivers/STM32F1xx_HAL_Driver/Inc -I../USB_HOST/Target -I../Middlewares/ST/STM32_USB_Host_Library/Core/Inc -O0 -ffunction-sections -fdata-sections -Wall -fstack-usage -MMD -MP -MF"Middlewares/ST/STM32_USB_Host_Library/Core/Src/usbh_ioreq.d" -MT"Middlewares/ST/STM32_USB_Host_Library/Core/Src/usbh_ioreq.o" --specs=nano.specs -mfloat-abi=soft -mthumb -o "Middlewares/ST/STM32_USB_Host_Library/Core/Src/usbh_ioreq.o"
arm-none-eabi-gcc "../Middlewares/ST/STM32_USB_Host_Library/Core/Src/usbh_pipes.c" -mcpu=cortex-m3 -std=gnu11 -g3 -DSTM32F105xC -DUSE_HAL_DRIVER -DDEBUG -c -I../USB_HOST/App -I../Drivers/CMSIS/Device/ST/STM32F1xx/Include -I../Drivers/CMSIS/Include -I../Middlewares/ST/STM32_USB_Host_Library/Class/HID/Inc -I../Core/Inc -I../Drivers/STM32F1xx_HAL_Driver/Inc/Legacy -I../Drivers/STM32F1xx_HAL_Driver/Inc -I../USB_HOST/Target -I../Middlewares/ST/STM32_USB_Host_Library/Core/Inc -O0 -ffunction-sections -fdata-sections -Wall -fstack-usage -MMD -MP -MF"Middlewares/ST/STM32_USB_Host_Library/Core/Src/usbh_pipes.d" -MT"Middlewares/ST/STM32_USB_Host_Library/Core/Src/usbh_pipes.o" --specs=nano.specs -mfloat-abi=soft -mthumb -o "Middlewares/ST/STM32_USB_Host_Library/Core/Src/usbh_pipes.o"
arm-none-eabi-gcc "../Middlewares/ST/STM32_USB_Host_Library/Class/HID/Src/usbh_hid.c" -mcpu=cortex-m3 -std=gnu11 -g3 -DSTM32F105xC -DUSE_HAL_DRIVER -DDEBUG -c -I../USB_HOST/App -I../Drivers/CMSIS/Device/ST/STM32F1xx/Include -I../Drivers/CMSIS/Include -I../Middlewares/ST/STM32_USB_Host_Library/Class/HID/Inc -I../Core/Inc -I../Drivers/STM32F1xx_HAL_Driver/Inc/Legacy -I../Drivers/STM32F1xx_HAL_Driver/Inc -I../USB_HOST/Target -I../Middlewares/ST/STM32_USB_Host_Library/Core/Inc -O0 -ffunction-sections -fdata-sections -Wall -fstack-usage -MMD -MP -MF"Middlewares/ST/STM32_USB_Host_Library/Class/HID/Src/usbh_hid.d" -MT"Middlewares/ST/STM32_USB_Host_Library/Class/HID/Src/usbh_hid.o" --specs=nano.specs -mfloat-abi=soft -mthumb -o "Middlewares/ST/STM32_USB_Host_Library/Class/HID/Src/usbh_hid.o"
arm-none-eabi-gcc "../Middlewares/ST/STM32_USB_Host_Library/Class/HID/Src/usbh_hid_keybd.c" -mcpu=cortex-m3 -std=gnu11 -g3 -DSTM32F105xC -DUSE_HAL_DRIVER -DDEBUG -c -I../USB_HOST/App -I../Drivers/CMSIS/Device/ST/STM32F1xx/Include -I../Drivers/CMSIS/Include -I../Middlewares/ST/STM32_USB_Host_Library/Class/HID/Inc -I../Core/Inc -I../Drivers/STM32F1xx_HAL_Driver/Inc/Legacy -I../Drivers/STM32F1xx_HAL_Driver/Inc -I../USB_HOST/Target -I../Middlewares/ST/STM32_USB_Host_Library/Core/Inc -O0 -ffunction-sections -fdata-sections -Wall -fstack-usage -MMD -MP -MF"Middlewares/ST/STM32_USB_Host_Library/Class/HID/Src/usbh_hid_keybd.d" -MT"Middlewares/ST/STM32_USB_Host_Library/Class/HID/Src/usbh_hid_keybd.o" --specs=nano.specs -mfloat-abi=soft -mthumb -o "Middlewares/ST/STM32_USB_Host_Library/Class/HID/Src/usbh_hid_keybd.o"
arm-none-eabi-gcc "../Middlewares/ST/STM32_USB_Host_Library/Class/HID/Src/usbh_hid_mouse.c" -mcpu=cortex-m3 -std=gnu11 -g3 -DSTM32F105xC -DUSE_HAL_DRIVER -DDEBUG -c -I../USB_HOST/App -I../Drivers/CMSIS/Device/ST/STM32F1xx/Include -I../Drivers/CMSIS/Include -I../Middlewares/ST/STM32_USB_Host_Library/Class/HID/Inc -I../Core/Inc -I../Drivers/STM32F1xx_HAL_Driver/Inc/Legacy -I../Drivers/STM32F1xx_HAL_Driver/Inc -I../USB_HOST/Target -I../Middlewares/ST/STM32_USB_Host_Library/Core/Inc -O0 -ffunction-sections -fdata-sections -Wall -fstack-usage -MMD -MP -MF"Middlewares/ST/STM32_USB_Host_Library/Class/HID/Src/usbh_hid_mouse.d" -MT"Middlewares/ST/STM32_USB_Host_Library/Class/HID/Src/usbh_hid_mouse.o" --specs=nano.specs -mfloat-abi=soft -mthumb -o "Middlewares/ST/STM32_USB_Host_Library/Class/HID/Src/usbh_hid_mouse.o"
arm-none-eabi-gcc "../Middlewares/ST/STM32_USB_Host_Library/Class/HID/Src/usbh_hid_parser.c" -mcpu=cortex-m3 -std=gnu11 -g3 -DSTM32F105xC -DUSE_HAL_DRIVER -DDEBUG -c -I../USB_HOST/App -I../Drivers/CMSIS/Device/ST/STM32F1xx/Include -I../Drivers/CMSIS/Include -I../Middlewares/ST/STM32_USB_Host_Library/Class/HID/Inc -I../Core/Inc -I../Drivers/STM32F1xx_HAL_Driver/Inc/Legacy -I../Drivers/STM32F1xx_HAL_Driver/Inc -I../USB_HOST/Target -I../Middlewares/ST/STM32_USB_Host_Library/Core/Inc -O0 -ffunction-sections -fdata-sections -Wall -fstack-usage -MMD -MP -MF"Middlewares/ST/STM32_USB_Host_Library/Class/HID/Src/usbh_hid_parser.d" -MT"Middlewares/ST/STM32_USB_Host_Library/Class/HID/Src/usbh_hid_parser.o" --specs=nano.specs -mfloat-abi=soft -mthumb -o "Middlewares/ST/STM32_USB_Host_Library/Class/HID/Src/usbh_hid_parser.o"
arm-none-eabi-gcc "../Drivers/STM32F1xx_HAL_Driver/Src/stm32f1xx_hal.c" -mcpu=cortex-m3 -std=gnu11 -g3 -DSTM32F105xC -DUSE_HAL_DRIVER -DDEBUG -c -I../USB_HOST/App -I../Drivers/CMSIS/Device/ST/STM32F1xx/Include -I../Drivers/CMSIS/Include -I../Middlewares/ST/STM32_USB_Host_Library/Class/HID/Inc -I../Core/Inc -I../Drivers/STM32F1xx_HAL_Driver/Inc/Legacy -I../Drivers/STM32F1xx_HAL_Driver/Inc -I../USB_HOST/Target -I../Middlewares/ST/STM32_USB_Host_Library/Core/Inc -O0 -ffunction-sections -fdata-sections -Wall -fstack-usage -MMD -MP -MF"Drivers/STM32F1xx_HAL_Driver/Src/stm32f1xx_hal.d" -MT"Drivers/STM32F1xx_HAL_Driver/Src/stm32f1xx_hal.o" --specs=nano.specs -mfloat-abi=soft -mthumb -o "Drivers/STM32F1xx_HAL_Driver/Src/stm32f1xx_hal.o"
arm-none-eabi-gcc "../Drivers/STM32F1xx_HAL_Driver/Src/stm32f1xx_hal_cortex.c" -mcpu=cortex-m3 -std=gnu11 -g3 -DSTM32F105xC -DUSE_HAL_DRIVER -DDEBUG -c -I../USB_HOST/App -I../Drivers/CMSIS/Device/ST/STM32F1xx/Include -I../Drivers/CMSIS/Include -I../Middlewares/ST/STM32_USB_Host_Library/Class/HID/Inc -I../Core/Inc -I../Drivers/STM32F1xx_HAL_Driver/Inc/Legacy -I../Drivers/STM32F1xx_HAL_Driver/Inc -I../USB_HOST/Target -I../Middlewares/ST/STM32_USB_Host_Library/Core/Inc -O0 -ffunction-sections -fdata-sections -Wall -fstack-usage -MMD -MP -MF"Drivers/STM32F1xx_HAL_Driver/Src/stm32f1xx_hal_cortex.d" -MT"Drivers/STM32F1xx_HAL_Driver/Src/stm32f1xx_hal_cortex.o" --specs=nano.specs -mfloat-abi=soft -mthumb -o "Drivers/STM32F1xx_HAL_Driver/Src/stm32f1xx_hal_cortex.o"
arm-none-eabi-gcc "../Drivers/STM32F1xx_HAL_Driver/Src/stm32f1xx_hal_dma.c" -mcpu=cortex-m3 -std=gnu11 -g3 -DSTM32F105xC -DUSE_HAL_DRIVER -DDEBUG -c -I../USB_HOST/App -I../Drivers/CMSIS/Device/ST/STM32F1xx/Include -I../Drivers/CMSIS/Include -I../Middlewares/ST/STM32_USB_Host_Library/Class/HID/Inc -I../Core/Inc -I../Drivers/STM32F1xx_HAL_Driver/Inc/Legacy -I../Drivers/STM32F1xx_HAL_Driver/Inc -I../USB_HOST/Target -I../Middlewares/ST/STM32_USB_Host_Library/Core/Inc -O0 -ffunction-sections -fdata-sections -Wall -fstack-usage -MMD -MP -MF"Drivers/STM32F1xx_HAL_Driver/Src/stm32f1xx_hal_dma.d" -MT"Drivers/STM32F1xx_HAL_Driver/Src/stm32f1xx_hal_dma.o" --specs=nano.specs -mfloat-abi=soft -mthumb -o "Drivers/STM32F1xx_HAL_Driver/Src/stm32f1xx_hal_dma.o"
arm-none-eabi-gcc "../Drivers/STM32F1xx_HAL_Driver/Src/stm32f1xx_hal_exti.c" -mcpu=cortex-m3 -std=gnu11 -g3 -DSTM32F105xC -DUSE_HAL_DRIVER -DDEBUG -c -I../USB_HOST/App -I../Drivers/CMSIS/Device/ST/STM32F1xx/Include -I../Drivers/CMSIS/Include -I../Middlewares/ST/STM32_USB_Host_Library/Class/HID/Inc -I../Core/Inc -I../Drivers/STM32F1xx_HAL_Driver/Inc/Legacy -I../Drivers/STM32F1xx_HAL_Driver/Inc -I../USB_HOST/Target -I../Middlewares/ST/STM32_USB_Host_Library/Core/Inc -O0 -ffunction-sections -fdata-sections -Wall -fstack-usage -MMD -MP -MF"Drivers/STM32F1xx_HAL_Driver/Src/stm32f1xx_hal_exti.d" -MT"Drivers/STM32F1xx_HAL_Driver/Src/stm32f1xx_hal_exti.o" --specs=nano.specs -mfloat-abi=soft -mthumb -o "Drivers/STM32F1xx_HAL_Driver/Src/stm32f1xx_hal_exti.o"
arm-none-eabi-gcc "../Drivers/STM32F1xx_HAL_Driver/Src/stm32f1xx_hal_flash.c" -mcpu=cortex-m3 -std=gnu11 -g3 -DSTM32F105xC -DUSE_HAL_DRIVER -DDEBUG -c -I../USB_HOST/App -I../Drivers/CMSIS/Device/ST/STM32F1xx/Include -I../Drivers/CMSIS/Include -I../Middlewares/ST/STM32_USB_Host_Library/Class/HID/Inc -I../Core/Inc -I../Drivers/STM32F1xx_HAL_Driver/Inc/Legacy -I../Drivers/STM32F1xx_HAL_Driver/Inc -I../USB_HOST/Target -I../Middlewares/ST/STM32_USB_Host_Library/Core/Inc -O0 -ffunction-sections -fdata-sections -Wall -fstack-usage -MMD -MP -MF"Drivers/STM32F1xx_HAL_Driver/Src/stm32f1xx_hal_flash.d" -MT"Drivers/STM32F1xx_HAL_Driver/Src/stm32f1xx_hal_flash.o" --specs=nano.specs -mfloat-abi=soft -mthumb -o "Drivers/STM32F1xx_HAL_Driver/Src/stm32f1xx_hal_flash.o"
arm-none-eabi-gcc "../Drivers/STM32F1xx_HAL_Driver/Src/stm32f1xx_hal_flash_ex.c" -mcpu=cortex-m3 -std=gnu11 -g3 -DSTM32F105xC -DUSE_HAL_DRIVER -DDEBUG -c -I../USB_HOST/App -I../Drivers/CMSIS/Device/ST/STM32F1xx/Include -I../Drivers/CMSIS/Include -I../Middlewares/ST/STM32_USB_Host_Library/Class/HID/Inc -I../Core/Inc -I../Drivers/STM32F1xx_HAL_Driver/Inc/Legacy -I../Drivers/STM32F1xx_HAL_Driver/Inc -I../USB_HOST/Target -I../Middlewares/ST/STM32_USB_Host_Library/Core/Inc -O0 -ffunction-sections -fdata-sections -Wall -fstack-usage -MMD -MP -MF"Drivers/STM32F1xx_HAL_Driver/Src/stm32f1xx_hal_flash_ex.d" -MT"Drivers/STM32F1xx_HAL_Driver/Src/stm32f1xx_hal_flash_ex.o" --specs=nano.specs -mfloat-abi=soft -mthumb -o "Drivers/STM32F1xx_HAL_Driver/Src/stm32f1xx_hal_flash_ex.o"
arm-none-eabi-gcc "../Drivers/STM32F1xx_HAL_Driver/Src/stm32f1xx_hal_gpio.c" -mcpu=cortex-m3 -std=gnu11 -g3 -DSTM32F105xC -DUSE_HAL_DRIVER -DDEBUG -c -I../USB_HOST/App -I../Drivers/CMSIS/Device/ST/STM32F1xx/Include -I../Drivers/CMSIS/Include -I../Middlewares/ST/STM32_USB_Host_Library/Class/HID/Inc -I../Core/Inc -I../Drivers/STM32F1xx_HAL_Driver/Inc/Legacy -I../Drivers/STM32F1xx_HAL_Driver/Inc -I../USB_HOST/Target -I../Middlewares/ST/STM32_USB_Host_Library/Core/Inc -O0 -ffunction-sections -fdata-sections -Wall -fstack-usage -MMD -MP -MF"Drivers/STM32F1xx_HAL_Driver/Src/stm32f1xx_hal_gpio.d" -MT"Drivers/STM32F1xx_HAL_Driver/Src/stm32f1xx_hal_gpio.o" --specs=nano.specs -mfloat-abi=soft -mthumb -o "Drivers/STM32F1xx_HAL_Driver/Src/stm32f1xx_hal_gpio.o"
arm-none-eabi-gcc "../Drivers/STM32F1xx_HAL_Driver/Src/stm32f1xx_hal_gpio_ex.c" -mcpu=cortex-m3 -std=gnu11 -g3 -DSTM32F105xC -DUSE_HAL_DRIVER -DDEBUG -c -I../USB_HOST/App -I../Drivers/CMSIS/Device/ST/STM32F1xx/Include -I../Drivers/CMSIS/Include -I../Middlewares/ST/STM32_USB_Host_Library/Class/HID/Inc -I../Core/Inc -I../Drivers/STM32F1xx_HAL_Driver/Inc/Legacy -I../Drivers/STM32F1xx_HAL_Driver/Inc -I../USB_HOST/Target -I../Middlewares/ST/STM32_USB_Host_Library/Core/Inc -O0 -ffunction-sections -fdata-sections -Wall -fstack-usage -MMD -MP -MF"Drivers/STM32F1xx_HAL_Driver/Src/stm32f1xx_hal_gpio_ex.d" -MT"Drivers/STM32F1xx_HAL_Driver/Src/stm32f1xx_hal_gpio_ex.o" --specs=nano.specs -mfloat-abi=soft -mthumb -o "Drivers/STM32F1xx_HAL_Driver/Src/stm32f1xx_hal_gpio_ex.o"
arm-none-eabi-gcc "../Drivers/STM32F1xx_HAL_Driver/Src/stm32f1xx_hal_hcd.c" -mcpu=cortex-m3 -std=gnu11 -g3 -DSTM32F105xC -DUSE_HAL_DRIVER -DDEBUG -c -I../USB_HOST/App -I../Drivers/CMSIS/Device/ST/STM32F1xx/Include -I../Drivers/CMSIS/Include -I../Middlewares/ST/STM32_USB_Host_Library/Class/HID/Inc -I../Core/Inc -I../Drivers/STM32F1xx_HAL_Driver/Inc/Legacy -I../Drivers/STM32F1xx_HAL_Driver/Inc -I../USB_HOST/Target -I../Middlewares/ST/STM32_USB_Host_Library/Core/Inc -O0 -ffunction-sections -fdata-sections -Wall -fstack-usage -MMD -MP -MF"Drivers/STM32F1xx_HAL_Driver/Src/stm32f1xx_hal_hcd.d" -MT"Drivers/STM32F1xx_HAL_Driver/Src/stm32f1xx_hal_hcd.o" --specs=nano.specs -mfloat-abi=soft -mthumb -o "Drivers/STM32F1xx_HAL_Driver/Src/stm32f1xx_hal_hcd.o"
arm-none-eabi-gcc "../Drivers/STM32F1xx_HAL_Driver/Src/stm32f1xx_hal_pwr.c" -mcpu=cortex-m3 -std=gnu11 -g3 -DSTM32F105xC -DUSE_HAL_DRIVER -DDEBUG -c -I../USB_HOST/App -I../Drivers/CMSIS/Device/ST/STM32F1xx/Include -I../Drivers/CMSIS/Include -I../Middlewares/ST/STM32_USB_Host_Library/Class/HID/Inc -I../Core/Inc -I../Drivers/STM32F1xx_HAL_Driver/Inc/Legacy -I../Drivers/STM32F1xx_HAL_Driver/Inc -I../USB_HOST/Target -I../Middlewares/ST/STM32_USB_Host_Library/Core/Inc -O0 -ffunction-sections -fdata-sections -Wall -fstack-usage -MMD -MP -MF"Drivers/STM32F1xx_HAL_Driver/Src/stm32f1xx_hal_pwr.d" -MT"Drivers/STM32F1xx_HAL_Driver/Src/stm32f1xx_hal_pwr.o" --specs=nano.specs -mfloat-abi=soft -mthumb -o "Drivers/STM32F1xx_HAL_Driver/Src/stm32f1xx_hal_pwr.o"
arm-none-eabi-gcc "../Drivers/STM32F1xx_HAL_Driver/Src/stm32f1xx_hal_rcc.c" -mcpu=cortex-m3 -std=gnu11 -g3 -DSTM32F105xC -DUSE_HAL_DRIVER -DDEBUG -c -I../USB_HOST/App -I../Drivers/CMSIS/Device/ST/STM32F1xx/Include -I../Drivers/CMSIS/Include -I../Middlewares/ST/STM32_USB_Host_Library/Class/HID/Inc -I../Core/Inc -I../Drivers/STM32F1xx_HAL_Driver/Inc/Legacy -I../Drivers/STM32F1xx_HAL_Driver/Inc -I../USB_HOST/Target -I../Middlewares/ST/STM32_USB_Host_Library/Core/Inc -O0 -ffunction-sections -fdata-sections -Wall -fstack-usage -MMD -MP -MF"Drivers/STM32F1xx_HAL_Driver/Src/stm32f1xx_hal_rcc.d" -MT"Drivers/STM32F1xx_HAL_Driver/Src/stm32f1xx_hal_rcc.o" --specs=nano.specs -mfloat-abi=soft -mthumb -o "Drivers/STM32F1xx_HAL_Driver/Src/stm32f1xx_hal_rcc.o"
arm-none-eabi-gcc "../Drivers/STM32F1xx_HAL_Driver/Src/stm32f1xx_hal_rcc_ex.c" -mcpu=cortex-m3 -std=gnu11 -g3 -DSTM32F105xC -DUSE_HAL_DRIVER -DDEBUG -c -I../USB_HOST/App -I../Drivers/CMSIS/Device/ST/STM32F1xx/Include -I../Drivers/CMSIS/Include -I../Middlewares/ST/STM32_USB_Host_Library/Class/HID/Inc -I../Core/Inc -I../Drivers/STM32F1xx_HAL_Driver/Inc/Legacy -I../Drivers/STM32F1xx_HAL_Driver/Inc -I../USB_HOST/Target -I../Middlewares/ST/STM32_USB_Host_Library/Core/Inc -O0 -ffunction-sections -fdata-sections -Wall -fstack-usage -MMD -MP -MF"Drivers/STM32F1xx_HAL_Driver/Src/stm32f1xx_hal_rcc_ex.d" -MT"Drivers/STM32F1xx_HAL_Driver/Src/stm32f1xx_hal_rcc_ex.o" --specs=nano.specs -mfloat-abi=soft -mthumb -o "Drivers/STM32F1xx_HAL_Driver/Src/stm32f1xx_hal_rcc_ex.o"
arm-none-eabi-gcc "../Drivers/STM32F1xx_HAL_Driver/Src/stm32f1xx_hal_rtc.c" -mcpu=cortex-m3 -std=gnu11 -g3 -DSTM32F105xC -DUSE_HAL_DRIVER -DDEBUG -c -I../USB_HOST/App -I../Drivers/CMSIS/Device/ST/STM32F1xx/Include -I../Drivers/CMSIS/Include -I../Middlewares/ST/STM32_USB_Host_Library/Class/HID/Inc -I../Core/Inc -I../Drivers/STM32F1xx_HAL_Driver/Inc/Legacy -I../Drivers/STM32F1xx_HAL_Driver/Inc -I../USB_HOST/Target -I../Middlewares/ST/STM32_USB_Host_Library/Core/Inc -O0 -ffunction-sections -fdata-sections -Wall -fstack-usage -MMD -MP -MF"Drivers/STM32F1xx_HAL_Driver/Src/stm32f1xx_hal_rtc.d" -MT"Drivers/STM32F1xx_HAL_Driver/Src/stm32f1xx_hal_rtc.o" --specs=nano.specs -mfloat-abi=soft -mthumb -o "Drivers/STM32F1xx_HAL_Driver/Src/stm32f1xx_hal_rtc.o"
arm-none-eabi-gcc "../Drivers/STM32F1xx_HAL_Driver/Src/stm32f1xx_hal_rtc_ex.c" -mcpu=cortex-m3 -std=gnu11 -g3 -DSTM32F105xC -DUSE_HAL_DRIVER -DDEBUG -c -I../USB_HOST/App -I../Drivers/CMSIS/Device/ST/STM32F1xx/Include -I../Drivers/CMSIS/Include -I../Middlewares/ST/STM32_USB_Host_Library/Class/HID/Inc -I../Core/Inc -I../Drivers/STM32F1xx_HAL_Driver/Inc/Legacy -I../Drivers/STM32F1xx_HAL_Driver/Inc -I../USB_HOST/Target -I../Middlewares/ST/STM32_USB_Host_Library/Core/Inc -O0 -ffunction-sections -fdata-sections -Wall -fstack-usage -MMD -MP -MF"Drivers/STM32F1xx_HAL_Driver/Src/stm32f1xx_hal_rtc_ex.d" -MT"Drivers/STM32F1xx_HAL_Driver/Src/stm32f1xx_hal_rtc_ex.o" --specs=nano.specs -mfloat-abi=soft -mthumb -o "Drivers/STM32F1xx_HAL_Driver/Src/stm32f1xx_hal_rtc_ex.o"
arm-none-eabi-gcc "../Drivers/STM32F1xx_HAL_Driver/Src/stm32f1xx_hal_spi.c" -mcpu=cortex-m3 -std=gnu11 -g3 -DSTM32F105xC -DUSE_HAL_DRIVER -DDEBUG -c -I../USB_HOST/App -I../Drivers/CMSIS/Device/ST/STM32F1xx/Include -I../Drivers/CMSIS/Include -I../Middlewares/ST/STM32_USB_Host_Library/Class/HID/Inc -I../Core/Inc -I../Drivers/STM32F1xx_HAL_Driver/Inc/Legacy -I../Drivers/STM32F1xx_HAL_Driver/Inc -I../USB_HOST/Target -I../Middlewares/ST/STM32_USB_Host_Library/Core/Inc -O0 -ffunction-sections -fdata-sections -Wall -fstack-usage -MMD -MP -MF"Drivers/STM32F1xx_HAL_Driver/Src/stm32f1xx_hal_spi.d" -MT"Drivers/STM32F1xx_HAL_Driver/Src/stm32f1xx_hal_spi.o" --specs=nano.specs -mfloat-abi=soft -mthumb -o "Drivers/STM32F1xx_HAL_Driver/Src/stm32f1xx_hal_spi.o"
arm-none-eabi-gcc "../Drivers/STM32F1xx_HAL_Driver/Src/stm32f1xx_hal_tim.c" -mcpu=cortex-m3 -std=gnu11 -g3 -DSTM32F105xC -DUSE_HAL_DRIVER -DDEBUG -c -I../USB_HOST/App -I../Drivers/CMSIS/Device/ST/STM32F1xx/Include -I../Drivers/CMSIS/Include -I../Middlewares/ST/STM32_USB_Host_Library/Class/HID/Inc -I../Core/Inc -I../Drivers/STM32F1xx_HAL_Driver/Inc/Legacy -I../Drivers/STM32F1xx_HAL_Driver/Inc -I../USB_HOST/Target -I../Middlewares/ST/STM32_USB_Host_Library/Core/Inc -O0 -ffunction-sections -fdata-sections -Wall -fstack-usage -MMD -MP -MF"Drivers/STM32F1xx_HAL_Driver/Src/stm32f1xx_hal_tim.d" -MT"Drivers/STM32F1xx_HAL_Driver/Src/stm32f1xx_hal_tim.o" --specs=nano.specs -mfloat-abi=soft -mthumb -o "Drivers/STM32F1xx_HAL_Driver/Src/stm32f1xx_hal_tim.o"
arm-none-eabi-gcc "../Drivers/STM32F1xx_HAL_Driver/Src/stm32f1xx_hal_tim_ex.c" -mcpu=cortex-m3 -std=gnu11 -g3 -DSTM32F105xC -DUSE_HAL_DRIVER -DDEBUG -c -I../USB_HOST/App -I../Drivers/CMSIS/Device/ST/STM32F1xx/Include -I../Drivers/CMSIS/Include -I../Middlewares/ST/STM32_USB_Host_Library/Class/HID/Inc -I../Core/Inc -I../Drivers/STM32F1xx_HAL_Driver/Inc/Legacy -I../Drivers/STM32F1xx_HAL_Driver/Inc -I../USB_HOST/Target -I../Middlewares/ST/STM32_USB_Host_Library/Core/Inc -O0 -ffunction-sections -fdata-sections -Wall -fstack-usage -MMD -MP -MF"Drivers/STM32F1xx_HAL_Driver/Src/stm32f1xx_hal_tim_ex.d" -MT"Drivers/STM32F1xx_HAL_Driver/Src/stm32f1xx_hal_tim_ex.o" --specs=nano.specs -mfloat-abi=soft -mthumb -o "Drivers/STM32F1xx_HAL_Driver/Src/stm32f1xx_hal_tim_ex.o"
arm-none-eabi-gcc "../Drivers/STM32F1xx_HAL_Driver/Src/stm32f1xx_hal_uart.c" -mcpu=cortex-m3 -std=gnu11 -g3 -DSTM32F105xC -DUSE_HAL_DRIVER -DDEBUG -c -I../USB_HOST/App -I../Drivers/CMSIS/Device/ST/STM32F1xx/Include -I../Drivers/CMSIS/Include -I../Middlewares/ST/STM32_USB_Host_Library/Class/HID/Inc -I../Core/Inc -I../Drivers/STM32F1xx_HAL_Driver/Inc/Legacy -I../Drivers/STM32F1xx_HAL_Driver/Inc -I../USB_HOST/Target -I../Middlewares/ST/STM32_USB_Host_Library/Core/Inc -O0 -ffunction-sections -fdata-sections -Wall -fstack-usage -MMD -MP -MF"Drivers/STM32F1xx_HAL_Driver/Src/stm32f1xx_hal_uart.d" -MT"Drivers/STM32F1xx_HAL_Driver/Src/stm32f1xx_hal_uart.o" --specs=nano.specs -mfloat-abi=soft -mthumb -o "Drivers/STM32F1xx_HAL_Driver/Src/stm32f1xx_hal_uart.o"
arm-none-eabi-gcc "../Drivers/STM32F1xx_HAL_Driver/Src/stm32f1xx_ll_usb.c" -mcpu=cortex-m3 -std=gnu11 -g3 -DSTM32F105xC -DUSE_HAL_DRIVER -DDEBUG -c -I../USB_HOST/App -I../Drivers/CMSIS/Device/ST/STM32F1xx/Include -I../Drivers/CMSIS/Include -I../Middlewares/ST/STM32_USB_Host_Library/Class/HID/Inc -I../Core/Inc -I../Drivers/STM32F1xx_HAL_Driver/Inc/Legacy -I../Drivers/STM32F1xx_HAL_Driver/Inc -I../USB_HOST/Target -I../Middlewares/ST/STM32_USB_Host_Library/Core/Inc -O0 -ffunction-sections -fdata-sections -Wall -fstack-usage -MMD -MP -MF"Drivers/STM32F1xx_HAL_Driver/Src/stm32f1xx_ll_usb.d" -MT"Drivers/STM32F1xx_HAL_Driver/Src/stm32f1xx_ll_usb.o" --specs=nano.specs -mfloat-abi=soft -mthumb -o "Drivers/STM32F1xx_HAL_Driver/Src/stm32f1xx_ll_usb.o"
arm-none-eabi-gcc -mcpu=cortex-m3 -g3 -c -x assembler-with-cpp --specs=nano.specs -mfloat-abi=soft -mthumb -o "Core/Startup/startup_stm32f105rbtx.o" "../Core/Startup/startup_stm32f105rbtx.s"
arm-none-eabi-gcc "../Core/Src/main.c" -mcpu=cortex-m3 -std=gnu11 -g3 -DSTM32F105xC -DUSE_HAL_DRIVER -DDEBUG -c -I../USB_HOST/App -I../Drivers/CMSIS/Device/ST/STM32F1xx/Include -I../Drivers/CMSIS/Include -I../Middlewares/ST/STM32_USB_Host_Library/Class/HID/Inc -I../Core/Inc -I../Drivers/STM32F1xx_HAL_Driver/Inc/Legacy -I../Drivers/STM32F1xx_HAL_Driver/Inc -I../USB_HOST/Target -I../Middlewares/ST/STM32_USB_Host_Library/Core/Inc -O0 -ffunction-sections -fdata-sections -Wall -fstack-usage -MMD -MP -MF"Core/Src/main.d" -MT"Core/Src/main.o" --specs=nano.specs -mfloat-abi=soft -mthumb -o "Core/Src/main.o"
arm-none-eabi-gcc "../Core/Src/stm32f1xx_hal_msp.c" -mcpu=cortex-m3 -std=gnu11 -g3 -DSTM32F105xC -DUSE_HAL_DRIVER -DDEBUG -c -I../USB_HOST/App -I../Drivers/CMSIS/Device/ST/STM32F1xx/Include -I../Drivers/CMSIS/Include -I../Middlewares/ST/STM32_USB_Host_Library/Class/HID/Inc -I../Core/Inc -I../Drivers/STM32F1xx_HAL_Driver/Inc/Legacy -I../Drivers/STM32F1xx_HAL_Driver/Inc -I../USB_HOST/Target -I../Middlewares/ST/STM32_USB_Host_Library/Core/Inc -O0 -ffunction-sections -fdata-sections -Wall -fstack-usage -MMD -MP -MF"Core/Src/stm32f1xx_hal_msp.d" -MT"Core/Src/stm32f1xx_hal_msp.o" --specs=nano.specs -mfloat-abi=soft -mthumb -o "Core/Src/stm32f1xx_hal_msp.o"
arm-none-eabi-gcc "../Core/Src/stm32f1xx_it.c" -mcpu=cortex-m3 -std=gnu11 -g3 -DSTM32F105xC -DUSE_HAL_DRIVER -DDEBUG -c -I../USB_HOST/App -I../Drivers/CMSIS/Device/ST/STM32F1xx/Include -I../Drivers/CMSIS/Include -I../Middlewares/ST/STM32_USB_Host_Library/Class/HID/Inc -I../Core/Inc -I../Drivers/STM32F1xx_HAL_Driver/Inc/Legacy -I../Drivers/STM32F1xx_HAL_Driver/Inc -I../USB_HOST/Target -I../Middlewares/ST/STM32_USB_Host_Library/Core/Inc -O0 -ffunction-sections -fdata-sections -Wall -fstack-usage -MMD -MP -MF"Core/Src/stm32f1xx_it.d" -MT"Core/Src/stm32f1xx_it.o" --specs=nano.specs -mfloat-abi=soft -mthumb -o "Core/Src/stm32f1xx_it.o"
arm-none-eabi-gcc "../Core/Src/syscalls.c" -mcpu=cortex-m3 -std=gnu11 -g3 -DSTM32F105xC -DUSE_HAL_DRIVER -DDEBUG -c -I../USB_HOST/App -I../Drivers/CMSIS/Device/ST/STM32F1xx/Include -I../Drivers/CMSIS/Include -I../Middlewares/ST/STM32_USB_Host_Library/Class/HID/Inc -I../Core/Inc -I../Drivers/STM32F1xx_HAL_Driver/Inc/Legacy -I../Drivers/STM32F1xx_HAL_Driver/Inc -I../USB_HOST/Target -I../Middlewares/ST/STM32_USB_Host_Library/Core/Inc -O0 -ffunction-sections -fdata-sections -Wall -fstack-usage -MMD -MP -MF"Core/Src/syscalls.d" -MT"Core/Src/syscalls.o" --specs=nano.specs -mfloat-abi=soft -mthumb -o "Core/Src/syscalls.o"
arm-none-eabi-gcc "../Core/Src/sysmem.c" -mcpu=cortex-m3 -std=gnu11 -g3 -DSTM32F105xC -DUSE_HAL_DRIVER -DDEBUG -c -I../USB_HOST/App -I../Drivers/CMSIS/Device/ST/STM32F1xx/Include -I../Drivers/CMSIS/Include -I../Middlewares/ST/STM32_USB_Host_Library/Class/HID/Inc -I../Core/Inc -I../Drivers/STM32F1xx_HAL_Driver/Inc/Legacy -I../Drivers/STM32F1xx_HAL_Driver/Inc -I../USB_HOST/Target -I../Middlewares/ST/STM32_USB_Host_Library/Core/Inc -O0 -ffunction-sections -fdata-sections -Wall -fstack-usage -MMD -MP -MF"Core/Src/sysmem.d" -MT"Core/Src/sysmem.o" --specs=nano.specs -mfloat-abi=soft -mthumb -o "Core/Src/sysmem.o"
arm-none-eabi-gcc "../Core/Src/system_stm32f1xx.c" -mcpu=cortex-m3 -std=gnu11 -g3 -DSTM32F105xC -DUSE_HAL_DRIVER -DDEBUG -c -I../USB_HOST/App -I../Drivers/CMSIS/Device/ST/STM32F1xx/Include -I../Drivers/CMSIS/Include -I../Middlewares/ST/STM32_USB_Host_Library/Class/HID/Inc -I../Core/Inc -I../Drivers/STM32F1xx_HAL_Driver/Inc/Legacy -I../Drivers/STM32F1xx_HAL_Driver/Inc -I../USB_HOST/Target -I../Middlewares/ST/STM32_USB_Host_Library/Core/Inc -O0 -ffunction-sections -fdata-sections -Wall -fstack-usage -MMD -MP -MF"Core/Src/system_stm32f1xx.d" -MT"Core/Src/system_stm32f1xx.o" --specs=nano.specs -mfloat-abi=soft -mthumb -o "Core/Src/system_stm32f1xx.o"
arm-none-eabi-gcc -o "test_stuff.elf" @"objects.list"   -mcpu=cortex-m3 -T"C:\Users\stephen\STM32CubeIDE\workspace_1.2.0\test_stuff\STM32F105RBTX_FLASH.ld" --specs=nosys.specs -Wl,-Map="test_stuff.map" -Wl,--gc-sections -static --specs=nano.specs -mfloat-abi=soft -mthumb -Wl,--start-group -lc -lm -Wl,--end-group
Finished building target: test_stuff.elf
 
arm-none-eabi-size   test_stuff.elf 
arm-none-eabi-objdump -h -S  test_stuff.elf  > "test_stuff.list"
arm-none-eabi-objcopy  -O binary  test_stuff.elf  "test_stuff.bin"
   text	   data	    bss	    dec	    hex	filename
  30056	    152	   3504	  33712	   83b0	test_stuff.elf
Finished building: default.size.stdout
 
Finished building: test_stuff.bin
 
Finished building: test_stuff.list
 
15:24:41 **** Incremental Build of configuration Debug for project test_stuff ****
make -j12 all 
arm-none-eabi-gcc "../Core/Src/main.c" -mcpu=cortex-m3 -std=gnu11 -g3 -DSTM32F105xC -DUSE_HAL_DRIVER -DDEBUG -c -I../USB_HOST/App -I../Drivers/CMSIS/Device/ST/STM32F1xx/Include -I../Drivers/CMSIS/Include -I../Middlewares/ST/STM32_USB_Host_Library/Class/HID/Inc -I../Core/Inc -I../Drivers/STM32F1xx_HAL_Driver/Inc/Legacy -I../Drivers/STM32F1xx_HAL_Driver/Inc -I../USB_HOST/Target -I../Middlewares/ST/STM32_USB_Host_Library/Core/Inc -O0 -ffunction-sections -fdata-sections -Wall -fstack-usage -MMD -MP -MF"Core/Src/main.d" -MT"Core/Src/main.o" --specs=nano.specs -mfloat-abi=soft -mthumb -o "Core/Src/main.o"
../Core/Src/main.c: In function 'main':
../Core/Src/main.c:119:32: warning: passing argument 2 of 'HAL_UART_Transmit' discards 'const' qualifier from pointer target type [-Wdiscarded-qualifiers]
     HAL_UART_Transmit(&huart5, hello_world, sizeof(hello_world), HAL_MAX_DELAY);
                                ^~~~~~~~~~~
In file included from ../Core/Inc/stm32f1xx_hal_conf.h:337:0,
                 from ../Drivers/STM32F1xx_HAL_Driver/Inc/stm32f1xx_hal.h:30,
                 from ../Core/Inc/main.h:31,
                 from ../Core/Src/main.c:22:
../Drivers/STM32F1xx_HAL_Driver/Inc/stm32f1xx_hal_uart.h:700:19: note: expected 'uint8_t * {aka unsigned char *}' but argument is of type 'const char *'
 HAL_StatusTypeDef HAL_UART_Transmit(UART_HandleTypeDef *huart, uint8_t *pData, uint16_t Size, uint32_t Timeout);
                   ^~~~~~~~~~~~~~~~~
arm-none-eabi-gcc -o "test_stuff.elf" @"objects.list"   -mcpu=cortex-m3 -T"C:\Users\stephen\STM32CubeIDE\workspace_1.2.0\test_stuff\STM32F105RBTX_FLASH.ld" --specs=nosys.specs -Wl,-Map="test_stuff.map" -Wl,--gc-sections -static --specs=nano.specs -mfloat-abi=soft -mthumb -Wl,--start-group -lc -lm -Wl,--end-group
Finished building target: test_stuff.elf
 
arm-none-eabi-objdump -h -S  test_stuff.elf  > "test_stuff.list"
arm-none-eabi-objcopy  -O binary  test_stuff.elf  "test_stuff.bin"
arm-none-eabi-size   test_stuff.elf 
   text	   data	    bss	    dec	    hex	filename
  30560	    152	   3504	  34216	   85a8	test_stuff.elf
Finished building: default.size.stdout
 
Finished building: test_stuff.bin
 
Finished building: test_stuff.list
 
15:25:20 **** Incremental Build of configuration Debug for project test_stuff ****
make -j12 all 
arm-none-eabi-gcc "../Core/Src/main.c" -mcpu=cortex-m3 -std=gnu11 -g3 -DSTM32F105xC -DUSE_HAL_DRIVER -DDEBUG -c -I../USB_HOST/App -I../Drivers/CMSIS/Device/ST/STM32F1xx/Include -I../Drivers/CMSIS/Include -I../Middlewares/ST/STM32_USB_Host_Library/Class/HID/Inc -I../Core/Inc -I../Drivers/STM32F1xx_HAL_Driver/Inc/Legacy -I../Drivers/STM32F1xx_HAL_Driver/Inc -I../USB_HOST/Target -I../Middlewares/ST/STM32_USB_Host_Library/Core/Inc -O0 -ffunction-sections -fdata-sections -Wall -fstack-usage -MMD -MP -MF"Core/Src/main.d" -MT"Core/Src/main.o" --specs=nano.specs -mfloat-abi=soft -mthumb -o "Core/Src/main.o"
arm-none-eabi-gcc -o "test_stuff.elf" @"objects.list"   -mcpu=cortex-m3 -T"C:\Users\stephen\STM32CubeIDE\workspace_1.2.0\test_stuff\STM32F105RBTX_FLASH.ld" --specs=nosys.specs -Wl,-Map="test_stuff.map" -Wl,--gc-sections -static --specs=nano.specs -mfloat-abi=soft -mthumb -Wl,--start-group -lc -lm -Wl,--end-group
Finished building target: test_stuff.elf
 
arm-none-eabi-objdump -h -S  test_stuff.elf  > "test_stuff.list"
arm-none-eabi-objcopy  -O binary  test_stuff.elf  "test_stuff.bin"
arm-none-eabi-size   test_stuff.elf 
   text	   data	    bss	    dec	    hex	filename
  30560	    152	   3504	  34216	   85a8	test_stuff.elf
Finished building: default.size.stdout
 
Finished building: test_stuff.bin
 
Finished building: test_stuff.list
 
15:26:01 **** Incremental Build of configuration Debug for project test_stuff ****
make -j12 all 
arm-none-eabi-size   test_stuff.elf 
   text	   data	    bss	    dec	    hex	filename
  30560	    152	   3504	  34216	   85a8	test_stuff.elf
Finished building: default.size.stdout
 
15:29:25 **** Incremental Build of configuration Debug for project test_stuff ****
make -j12 all 
arm-none-eabi-size   test_stuff.elf 
   text	   data	    bss	    dec	    hex	filename
  30560	    152	   3504	  34216	   85a8	test_stuff.elf
Finished building: default.size.stdout
 
16:01:32 **** Incremental Build of configuration Debug for project test_stuff ****
make -j12 all 
arm-none-eabi-size   test_stuff.elf 
   text	   data	    bss	    dec	    hex	filename
  30560	    152	   3504	  34216	   85a8	test_stuff.elf
Finished building: default.size.stdout
 
16:03:33 **** Incremental Build of configuration Debug for project test_stuff ****
make -j12 all 
arm-none-eabi-gcc "../Core/Src/main.c" -mcpu=cortex-m3 -std=gnu11 -g3 -DSTM32F105xC -DUSE_HAL_DRIVER -DDEBUG -c -I../USB_HOST/App -I../Drivers/CMSIS/Device/ST/STM32F1xx/Include -I../Drivers/CMSIS/Include -I../Middlewares/ST/STM32_USB_Host_Library/Class/HID/Inc -I../Core/Inc -I../Drivers/STM32F1xx_HAL_Driver/Inc/Legacy -I../Drivers/STM32F1xx_HAL_Driver/Inc -I../USB_HOST/Target -I../Middlewares/ST/STM32_USB_Host_Library/Core/Inc -O0 -ffunction-sections -fdata-sections -Wall -fstack-usage -MMD -MP -MF"Core/Src/main.d" -MT"Core/Src/main.o" --specs=nano.specs -mfloat-abi=soft -mthumb -o "Core/Src/main.o"
arm-none-eabi-gcc -o "test_stuff.elf" @"objects.list"   -mcpu=cortex-m3 -T"C:\Users\stephen\STM32CubeIDE\workspace_1.2.0\test_stuff\STM32F105RBTX_FLASH.ld" --specs=nosys.specs -Wl,-Map="test_stuff.map" -Wl,--gc-sections -static --specs=nano.specs -mfloat-abi=soft -mthumb -Wl,--start-group -lc -lm -Wl,--end-group
Finished building target: test_stuff.elf
 
arm-none-eabi-objdump -h -S  test_stuff.elf  > "test_stuff.list"
arm-none-eabi-objcopy  -O binary  test_stuff.elf  "test_stuff.bin"
arm-none-eabi-size   test_stuff.elf 
   text	   data	    bss	    dec	    hex	filename
  30560	    152	   3504	  34216	   85a8	test_stuff.elf
Finished building: default.size.stdout
 
Finished building: test_stuff.bin
 
Finished building: test_stuff.list
 
16:04:42 **** Incremental Build of configuration Debug for project test_stuff ****
make -j12 all 
arm-none-eabi-size   test_stuff.elf 
   text	   data	    bss	    dec	    hex	filename
  30560	    152	   3504	  34216	   85a8	test_stuff.elf
Finished building: default.size.stdout
 
16:30:21 **** Incremental Build of configuration Debug for project test_stuff ****
make -j12 all 
arm-none-eabi-gcc "../Core/Src/main.c" -mcpu=cortex-m3 -std=gnu11 -g3 -DSTM32F105xC -DUSE_HAL_DRIVER -DDEBUG -c -I../USB_HOST/App -I../Drivers/CMSIS/Device/ST/STM32F1xx/Include -I../Drivers/CMSIS/Include -I../Middlewares/ST/STM32_USB_Host_Library/Class/HID/Inc -I../Core/Inc -I../Drivers/STM32F1xx_HAL_Driver/Inc/Legacy -I../Drivers/STM32F1xx_HAL_Driver/Inc -I../USB_HOST/Target -I../Middlewares/ST/STM32_USB_Host_Library/Core/Inc -O0 -ffunction-sections -fdata-sections -Wall -fstack-usage -MMD -MP -MF"Core/Src/main.d" -MT"Core/Src/main.o" --specs=nano.specs -mfloat-abi=soft -mthumb -o "Core/Src/main.o"
arm-none-eabi-gcc -o "test_stuff.elf" @"objects.list"   -mcpu=cortex-m3 -T"C:\Users\stephen\STM32CubeIDE\workspace_1.2.0\test_stuff\STM32F105RBTX_FLASH.ld" --specs=nosys.specs -Wl,-Map="test_stuff.map" -Wl,--gc-sections -static --specs=nano.specs -mfloat-abi=soft -mthumb -Wl,--start-group -lc -lm -Wl,--end-group
Finished building target: test_stuff.elf
 
arm-none-eabi-objdump -h -S  test_stuff.elf  > "test_stuff.list"
arm-none-eabi-objcopy  -O binary  test_stuff.elf  "test_stuff.bin"
arm-none-eabi-size   test_stuff.elf 
   text	   data	    bss	    dec	    hex	filename
  30620	    152	   3504	  34276	   85e4	test_stuff.elf
Finished building: default.size.stdout
 
Finished building: test_stuff.bin
 
Finished building: test_stuff.list
 
16:31:05 **** Incremental Build of configuration Debug for project test_stuff ****
make -j12 all 
arm-none-eabi-size   test_stuff.elf 
   text	   data	    bss	    dec	    hex	filename
  30620	    152	   3504	  34276	   85e4	test_stuff.elf
Finished building: default.size.stdout
 
16:32:08 **** Incremental Build of configuration Debug for project test_stuff ****
make -j12 all 
arm-none-eabi-size   test_stuff.elf 
   text	   data	    bss	    dec	    hex	filename
  30620	    152	   3504	  34276	   85e4	test_stuff.elf
Finished building: default.size.stdout
 
16:35:01 **** Incremental Build of configuration Debug for project test_stuff ****
make -j12 all 
arm-none-eabi-gcc "../Core/Src/main.c" -mcpu=cortex-m3 -std=gnu11 -g3 -DSTM32F105xC -DUSE_HAL_DRIVER -DDEBUG -c -I../USB_HOST/App -I../Drivers/CMSIS/Device/ST/STM32F1xx/Include -I../Drivers/CMSIS/Include -I../Middlewares/ST/STM32_USB_Host_Library/Class/HID/Inc -I../Core/Inc -I../Drivers/STM32F1xx_HAL_Driver/Inc/Legacy -I../Drivers/STM32F1xx_HAL_Driver/Inc -I../USB_HOST/Target -I../Middlewares/ST/STM32_USB_Host_Library/Core/Inc -O0 -ffunction-sections -fdata-sections -Wall -fstack-usage -MMD -MP -MF"Core/Src/main.d" -MT"Core/Src/main.o" --specs=nano.specs -mfloat-abi=soft -mthumb -o "Core/Src/main.o"
../Core/Src/main.c: In function 'main':
../Core/Src/main.c:119:5: warning: implicit declaration of function 'printf' [-Wimplicit-function-declaration]
     printf("moo\r\n");
     ^~~~~~
../Core/Src/main.c:119:5: warning: incompatible implicit declaration of built-in function 'printf'
../Core/Src/main.c:119:5: note: include '<stdio.h>' or provide a declaration of 'printf'
arm-none-eabi-gcc -o "test_stuff.elf" @"objects.list"   -mcpu=cortex-m3 -T"C:\Users\stephen\STM32CubeIDE\workspace_1.2.0\test_stuff\STM32F105RBTX_FLASH.ld" --specs=nosys.specs -Wl,-Map="test_stuff.map" -Wl,--gc-sections -static --specs=nano.specs -mfloat-abi=soft -mthumb -Wl,--start-group -lc -lm -Wl,--end-group
Finished building target: test_stuff.elf
 
arm-none-eabi-objdump -h -S  test_stuff.elf  > "test_stuff.list"
arm-none-eabi-objcopy  -O binary  test_stuff.elf  "test_stuff.bin"
arm-none-eabi-size   test_stuff.elf 
   text	   data	    bss	    dec	    hex	filename
  32836	    152	   3504	  36492	   8e8c	test_stuff.elf
Finished building: default.size.stdout
 
Finished building: test_stuff.bin
 
Finished building: test_stuff.list
 
16:36:09 **** Incremental Build of configuration Debug for project test_stuff ****
make -j12 all 
arm-none-eabi-gcc "../Core/Src/main.c" -mcpu=cortex-m3 -std=gnu11 -g3 -DSTM32F105xC -DUSE_HAL_DRIVER -DDEBUG -c -I../USB_HOST/App -I../Drivers/CMSIS/Device/ST/STM32F1xx/Include -I../Drivers/CMSIS/Include -I../Middlewares/ST/STM32_USB_Host_Library/Class/HID/Inc -I../Core/Inc -I../Drivers/STM32F1xx_HAL_Driver/Inc/Legacy -I../Drivers/STM32F1xx_HAL_Driver/Inc -I../USB_HOST/Target -I../Middlewares/ST/STM32_USB_Host_Library/Core/Inc -O0 -ffunction-sections -fdata-sections -Wall -fstack-usage -MMD -MP -MF"Core/Src/main.d" -MT"Core/Src/main.o" --specs=nano.specs -mfloat-abi=soft -mthumb -o "Core/Src/main.o"
arm-none-eabi-gcc -o "test_stuff.elf" @"objects.list"   -mcpu=cortex-m3 -T"C:\Users\stephen\STM32CubeIDE\workspace_1.2.0\test_stuff\STM32F105RBTX_FLASH.ld" --specs=nosys.specs -Wl,-Map="test_stuff.map" -Wl,--gc-sections -static --specs=nano.specs -mfloat-abi=soft -mthumb -Wl,--start-group -lc -lm -Wl,--end-group
Finished building target: test_stuff.elf
 
arm-none-eabi-objdump -h -S  test_stuff.elf  > "test_stuff.list"
arm-none-eabi-objcopy  -O binary  test_stuff.elf  "test_stuff.bin"
arm-none-eabi-size   test_stuff.elf 
   text	   data	    bss	    dec	    hex	filename
  30620	    152	   3504	  34276	   85e4	test_stuff.elf
Finished building: default.size.stdout
 
Finished building: test_stuff.bin
 
Finished building: test_stuff.list
 
16:37:14 **** Incremental Build of configuration Debug for project test_stuff ****
make -j12 all 
arm-none-eabi-size   test_stuff.elf 
   text	   data	    bss	    dec	    hex	filename
  30620	    152	   3504	  34276	   85e4	test_stuff.elf
Finished building: default.size.stdout
 
17:33:14 **** Incremental Build of configuration Debug for project test_stuff ****
make -j12 all 
arm-none-eabi-size   test_stuff.elf 
   text	   data	    bss	    dec	    hex	filename
  30620	    152	   3504	  34276	   85e4	test_stuff.elf
Finished building: default.size.stdout
 
17:52:58 **** Incremental Build of configuration Debug for project test_stuff ****
make -j12 all 
arm-none-eabi-size   test_stuff.elf 
   text	   data	    bss	    dec	    hex	filename
  30620	    152	   3504	  34276	   85e4	test_stuff.elf
Finished building: default.size.stdout
 
18:17:25 **** Incremental Build of configuration Debug for project test_stuff ****
make -j12 all 
arm-none-eabi-gcc "../Middlewares/ST/STM32_USB_Host_Library/Core/Src/usbh_core.c" -mcpu=cortex-m3 -std=gnu11 -g3 -DSTM32F105xC -DUSE_HAL_DRIVER -DDEBUG -c -I../USB_HOST/App -I../Drivers/CMSIS/Device/ST/STM32F1xx/Include -I../Drivers/CMSIS/Include -I../Middlewares/ST/STM32_USB_Host_Library/Class/HID/Inc -I../Core/Inc -I../Drivers/STM32F1xx_HAL_Driver/Inc/Legacy -I../Drivers/STM32F1xx_HAL_Driver/Inc -I../USB_HOST/Target -I../Middlewares/ST/STM32_USB_Host_Library/Core/Inc -O0 -ffunction-sections -fdata-sections -Wall -fstack-usage -MMD -MP -MF"Middlewares/ST/STM32_USB_Host_Library/Core/Src/usbh_core.d" -MT"Middlewares/ST/STM32_USB_Host_Library/Core/Src/usbh_core.o" --specs=nano.specs -mfloat-abi=soft -mthumb -o "Middlewares/ST/STM32_USB_Host_Library/Core/Src/usbh_core.o"
arm-none-eabi-gcc "../Middlewares/ST/STM32_USB_Host_Library/Core/Src/usbh_ctlreq.c" -mcpu=cortex-m3 -std=gnu11 -g3 -DSTM32F105xC -DUSE_HAL_DRIVER -DDEBUG -c -I../USB_HOST/App -I../Drivers/CMSIS/Device/ST/STM32F1xx/Include -I../Drivers/CMSIS/Include -I../Middlewares/ST/STM32_USB_Host_Library/Class/HID/Inc -I../Core/Inc -I../Drivers/STM32F1xx_HAL_Driver/Inc/Legacy -I../Drivers/STM32F1xx_HAL_Driver/Inc -I../USB_HOST/Target -I../Middlewares/ST/STM32_USB_Host_Library/Core/Inc -O0 -ffunction-sections -fdata-sections -Wall -fstack-usage -MMD -MP -MF"Middlewares/ST/STM32_USB_Host_Library/Core/Src/usbh_ctlreq.d" -MT"Middlewares/ST/STM32_USB_Host_Library/Core/Src/usbh_ctlreq.o" --specs=nano.specs -mfloat-abi=soft -mthumb -o "Middlewares/ST/STM32_USB_Host_Library/Core/Src/usbh_ctlreq.o"
arm-none-eabi-gcc "../Middlewares/ST/STM32_USB_Host_Library/Core/Src/usbh_ioreq.c" -mcpu=cortex-m3 -std=gnu11 -g3 -DSTM32F105xC -DUSE_HAL_DRIVER -DDEBUG -c -I../USB_HOST/App -I../Drivers/CMSIS/Device/ST/STM32F1xx/Include -I../Drivers/CMSIS/Include -I../Middlewares/ST/STM32_USB_Host_Library/Class/HID/Inc -I../Core/Inc -I../Drivers/STM32F1xx_HAL_Driver/Inc/Legacy -I../Drivers/STM32F1xx_HAL_Driver/Inc -I../USB_HOST/Target -I../Middlewares/ST/STM32_USB_Host_Library/Core/Inc -O0 -ffunction-sections -fdata-sections -Wall -fstack-usage -MMD -MP -MF"Middlewares/ST/STM32_USB_Host_Library/Core/Src/usbh_ioreq.d" -MT"Middlewares/ST/STM32_USB_Host_Library/Core/Src/usbh_ioreq.o" --specs=nano.specs -mfloat-abi=soft -mthumb -o "Middlewares/ST/STM32_USB_Host_Library/Core/Src/usbh_ioreq.o"
arm-none-eabi-gcc "../Middlewares/ST/STM32_USB_Host_Library/Core/Src/usbh_pipes.c" -mcpu=cortex-m3 -std=gnu11 -g3 -DSTM32F105xC -DUSE_HAL_DRIVER -DDEBUG -c -I../USB_HOST/App -I../Drivers/CMSIS/Device/ST/STM32F1xx/Include -I../Drivers/CMSIS/Include -I../Middlewares/ST/STM32_USB_Host_Library/Class/HID/Inc -I../Core/Inc -I../Drivers/STM32F1xx_HAL_Driver/Inc/Legacy -I../Drivers/STM32F1xx_HAL_Driver/Inc -I../USB_HOST/Target -I../Middlewares/ST/STM32_USB_Host_Library/Core/Inc -O0 -ffunction-sections -fdata-sections -Wall -fstack-usage -MMD -MP -MF"Middlewares/ST/STM32_USB_Host_Library/Core/Src/usbh_pipes.d" -MT"Middlewares/ST/STM32_USB_Host_Library/Core/Src/usbh_pipes.o" --specs=nano.specs -mfloat-abi=soft -mthumb -o "Middlewares/ST/STM32_USB_Host_Library/Core/Src/usbh_pipes.o"
arm-none-eabi-gcc "../Middlewares/ST/STM32_USB_Host_Library/Class/HID/Src/usbh_hid.c" -mcpu=cortex-m3 -std=gnu11 -g3 -DSTM32F105xC -DUSE_HAL_DRIVER -DDEBUG -c -I../USB_HOST/App -I../Drivers/CMSIS/Device/ST/STM32F1xx/Include -I../Drivers/CMSIS/Include -I../Middlewares/ST/STM32_USB_Host_Library/Class/HID/Inc -I../Core/Inc -I../Drivers/STM32F1xx_HAL_Driver/Inc/Legacy -I../Drivers/STM32F1xx_HAL_Driver/Inc -I../USB_HOST/Target -I../Middlewares/ST/STM32_USB_Host_Library/Core/Inc -O0 -ffunction-sections -fdata-sections -Wall -fstack-usage -MMD -MP -MF"Middlewares/ST/STM32_USB_Host_Library/Class/HID/Src/usbh_hid.d" -MT"Middlewares/ST/STM32_USB_Host_Library/Class/HID/Src/usbh_hid.o" --specs=nano.specs -mfloat-abi=soft -mthumb -o "Middlewares/ST/STM32_USB_Host_Library/Class/HID/Src/usbh_hid.o"
arm-none-eabi-gcc "../Middlewares/ST/STM32_USB_Host_Library/Class/HID/Src/usbh_hid_keybd.c" -mcpu=cortex-m3 -std=gnu11 -g3 -DSTM32F105xC -DUSE_HAL_DRIVER -DDEBUG -c -I../USB_HOST/App -I../Drivers/CMSIS/Device/ST/STM32F1xx/Include -I../Drivers/CMSIS/Include -I../Middlewares/ST/STM32_USB_Host_Library/Class/HID/Inc -I../Core/Inc -I../Drivers/STM32F1xx_HAL_Driver/Inc/Legacy -I../Drivers/STM32F1xx_HAL_Driver/Inc -I../USB_HOST/Target -I../Middlewares/ST/STM32_USB_Host_Library/Core/Inc -O0 -ffunction-sections -fdata-sections -Wall -fstack-usage -MMD -MP -MF"Middlewares/ST/STM32_USB_Host_Library/Class/HID/Src/usbh_hid_keybd.d" -MT"Middlewares/ST/STM32_USB_Host_Library/Class/HID/Src/usbh_hid_keybd.o" --specs=nano.specs -mfloat-abi=soft -mthumb -o "Middlewares/ST/STM32_USB_Host_Library/Class/HID/Src/usbh_hid_keybd.o"
arm-none-eabi-gcc "../Middlewares/ST/STM32_USB_Host_Library/Class/HID/Src/usbh_hid_mouse.c" -mcpu=cortex-m3 -std=gnu11 -g3 -DSTM32F105xC -DUSE_HAL_DRIVER -DDEBUG -c -I../USB_HOST/App -I../Drivers/CMSIS/Device/ST/STM32F1xx/Include -I../Drivers/CMSIS/Include -I../Middlewares/ST/STM32_USB_Host_Library/Class/HID/Inc -I../Core/Inc -I../Drivers/STM32F1xx_HAL_Driver/Inc/Legacy -I../Drivers/STM32F1xx_HAL_Driver/Inc -I../USB_HOST/Target -I../Middlewares/ST/STM32_USB_Host_Library/Core/Inc -O0 -ffunction-sections -fdata-sections -Wall -fstack-usage -MMD -MP -MF"Middlewares/ST/STM32_USB_Host_Library/Class/HID/Src/usbh_hid_mouse.d" -MT"Middlewares/ST/STM32_USB_Host_Library/Class/HID/Src/usbh_hid_mouse.o" --specs=nano.specs -mfloat-abi=soft -mthumb -o "Middlewares/ST/STM32_USB_Host_Library/Class/HID/Src/usbh_hid_mouse.o"
arm-none-eabi-gcc "../Middlewares/ST/STM32_USB_Host_Library/Class/HID/Src/usbh_hid_parser.c" -mcpu=cortex-m3 -std=gnu11 -g3 -DSTM32F105xC -DUSE_HAL_DRIVER -DDEBUG -c -I../USB_HOST/App -I../Drivers/CMSIS/Device/ST/STM32F1xx/Include -I../Drivers/CMSIS/Include -I../Middlewares/ST/STM32_USB_Host_Library/Class/HID/Inc -I../Core/Inc -I../Drivers/STM32F1xx_HAL_Driver/Inc/Legacy -I../Drivers/STM32F1xx_HAL_Driver/Inc -I../USB_HOST/Target -I../Middlewares/ST/STM32_USB_Host_Library/Core/Inc -O0 -ffunction-sections -fdata-sections -Wall -fstack-usage -MMD -MP -MF"Middlewares/ST/STM32_USB_Host_Library/Class/HID/Src/usbh_hid_parser.d" -MT"Middlewares/ST/STM32_USB_Host_Library/Class/HID/Src/usbh_hid_parser.o" --specs=nano.specs -mfloat-abi=soft -mthumb -o "Middlewares/ST/STM32_USB_Host_Library/Class/HID/Src/usbh_hid_parser.o"
arm-none-eabi-gcc "../Core/Src/system_stm32f1xx.c" -mcpu=cortex-m3 -std=gnu11 -g3 -DSTM32F105xC -DUSE_HAL_DRIVER -DDEBUG -c -I../USB_HOST/App -I../Drivers/CMSIS/Device/ST/STM32F1xx/Include -I../Drivers/CMSIS/Include -I../Middlewares/ST/STM32_USB_Host_Library/Class/HID/Inc -I../Core/Inc -I../Drivers/STM32F1xx_HAL_Driver/Inc/Legacy -I../Drivers/STM32F1xx_HAL_Driver/Inc -I../USB_HOST/Target -I../Middlewares/ST/STM32_USB_Host_Library/Core/Inc -O0 -ffunction-sections -fdata-sections -Wall -fstack-usage -MMD -MP -MF"Core/Src/system_stm32f1xx.d" -MT"Core/Src/system_stm32f1xx.o" --specs=nano.specs -mfloat-abi=soft -mthumb -o "Core/Src/system_stm32f1xx.o"
arm-none-eabi-gcc "../USB_HOST/Target/usbh_conf.c" -mcpu=cortex-m3 -std=gnu11 -g3 -DSTM32F105xC -DUSE_HAL_DRIVER -DDEBUG -c -I../USB_HOST/App -I../Drivers/CMSIS/Device/ST/STM32F1xx/Include -I../Drivers/CMSIS/Include -I../Middlewares/ST/STM32_USB_Host_Library/Class/HID/Inc -I../Core/Inc -I../Drivers/STM32F1xx_HAL_Driver/Inc/Legacy -I../Drivers/STM32F1xx_HAL_Driver/Inc -I../USB_HOST/Target -I../Middlewares/ST/STM32_USB_Host_Library/Core/Inc -O0 -ffunction-sections -fdata-sections -Wall -fstack-usage -MMD -MP -MF"USB_HOST/Target/usbh_conf.d" -MT"USB_HOST/Target/usbh_conf.o" --specs=nano.specs -mfloat-abi=soft -mthumb -o "USB_HOST/Target/usbh_conf.o"
arm-none-eabi-gcc "../USB_HOST/App/usb_host.c" -mcpu=cortex-m3 -std=gnu11 -g3 -DSTM32F105xC -DUSE_HAL_DRIVER -DDEBUG -c -I../USB_HOST/App -I../Drivers/CMSIS/Device/ST/STM32F1xx/Include -I../Drivers/CMSIS/Include -I../Middlewares/ST/STM32_USB_Host_Library/Class/HID/Inc -I../Core/Inc -I../Drivers/STM32F1xx_HAL_Driver/Inc/Legacy -I../Drivers/STM32F1xx_HAL_Driver/Inc -I../USB_HOST/Target -I../Middlewares/ST/STM32_USB_Host_Library/Core/Inc -O0 -ffunction-sections -fdata-sections -Wall -fstack-usage -MMD -MP -MF"USB_HOST/App/usb_host.d" -MT"USB_HOST/App/usb_host.o" --specs=nano.specs -mfloat-abi=soft -mthumb -o "USB_HOST/App/usb_host.o"
arm-none-eabi-gcc "../Drivers/STM32F1xx_HAL_Driver/Src/stm32f1xx_hal.c" -mcpu=cortex-m3 -std=gnu11 -g3 -DSTM32F105xC -DUSE_HAL_DRIVER -DDEBUG -c -I../USB_HOST/App -I../Drivers/CMSIS/Device/ST/STM32F1xx/Include -I../Drivers/CMSIS/Include -I../Middlewares/ST/STM32_USB_Host_Library/Class/HID/Inc -I../Core/Inc -I../Drivers/STM32F1xx_HAL_Driver/Inc/Legacy -I../Drivers/STM32F1xx_HAL_Driver/Inc -I../USB_HOST/Target -I../Middlewares/ST/STM32_USB_Host_Library/Core/Inc -O0 -ffunction-sections -fdata-sections -Wall -fstack-usage -MMD -MP -MF"Drivers/STM32F1xx_HAL_Driver/Src/stm32f1xx_hal.d" -MT"Drivers/STM32F1xx_HAL_Driver/Src/stm32f1xx_hal.o" --specs=nano.specs -mfloat-abi=soft -mthumb -o "Drivers/STM32F1xx_HAL_Driver/Src/stm32f1xx_hal.o"
arm-none-eabi-gcc "../Drivers/STM32F1xx_HAL_Driver/Src/stm32f1xx_hal_cortex.c" -mcpu=cortex-m3 -std=gnu11 -g3 -DSTM32F105xC -DUSE_HAL_DRIVER -DDEBUG -c -I../USB_HOST/App -I../Drivers/CMSIS/Device/ST/STM32F1xx/Include -I../Drivers/CMSIS/Include -I../Middlewares/ST/STM32_USB_Host_Library/Class/HID/Inc -I../Core/Inc -I../Drivers/STM32F1xx_HAL_Driver/Inc/Legacy -I../Drivers/STM32F1xx_HAL_Driver/Inc -I../USB_HOST/Target -I../Middlewares/ST/STM32_USB_Host_Library/Core/Inc -O0 -ffunction-sections -fdata-sections -Wall -fstack-usage -MMD -MP -MF"Drivers/STM32F1xx_HAL_Driver/Src/stm32f1xx_hal_cortex.d" -MT"Drivers/STM32F1xx_HAL_Driver/Src/stm32f1xx_hal_cortex.o" --specs=nano.specs -mfloat-abi=soft -mthumb -o "Drivers/STM32F1xx_HAL_Driver/Src/stm32f1xx_hal_cortex.o"
arm-none-eabi-gcc "../Drivers/STM32F1xx_HAL_Driver/Src/stm32f1xx_hal_dma.c" -mcpu=cortex-m3 -std=gnu11 -g3 -DSTM32F105xC -DUSE_HAL_DRIVER -DDEBUG -c -I../USB_HOST/App -I../Drivers/CMSIS/Device/ST/STM32F1xx/Include -I../Drivers/CMSIS/Include -I../Middlewares/ST/STM32_USB_Host_Library/Class/HID/Inc -I../Core/Inc -I../Drivers/STM32F1xx_HAL_Driver/Inc/Legacy -I../Drivers/STM32F1xx_HAL_Driver/Inc -I../USB_HOST/Target -I../Middlewares/ST/STM32_USB_Host_Library/Core/Inc -O0 -ffunction-sections -fdata-sections -Wall -fstack-usage -MMD -MP -MF"Drivers/STM32F1xx_HAL_Driver/Src/stm32f1xx_hal_dma.d" -MT"Drivers/STM32F1xx_HAL_Driver/Src/stm32f1xx_hal_dma.o" --specs=nano.specs -mfloat-abi=soft -mthumb -o "Drivers/STM32F1xx_HAL_Driver/Src/stm32f1xx_hal_dma.o"
arm-none-eabi-gcc "../Drivers/STM32F1xx_HAL_Driver/Src/stm32f1xx_hal_exti.c" -mcpu=cortex-m3 -std=gnu11 -g3 -DSTM32F105xC -DUSE_HAL_DRIVER -DDEBUG -c -I../USB_HOST/App -I../Drivers/CMSIS/Device/ST/STM32F1xx/Include -I../Drivers/CMSIS/Include -I../Middlewares/ST/STM32_USB_Host_Library/Class/HID/Inc -I../Core/Inc -I../Drivers/STM32F1xx_HAL_Driver/Inc/Legacy -I../Drivers/STM32F1xx_HAL_Driver/Inc -I../USB_HOST/Target -I../Middlewares/ST/STM32_USB_Host_Library/Core/Inc -O0 -ffunction-sections -fdata-sections -Wall -fstack-usage -MMD -MP -MF"Drivers/STM32F1xx_HAL_Driver/Src/stm32f1xx_hal_exti.d" -MT"Drivers/STM32F1xx_HAL_Driver/Src/stm32f1xx_hal_exti.o" --specs=nano.specs -mfloat-abi=soft -mthumb -o "Drivers/STM32F1xx_HAL_Driver/Src/stm32f1xx_hal_exti.o"
arm-none-eabi-gcc "../Drivers/STM32F1xx_HAL_Driver/Src/stm32f1xx_hal_flash.c" -mcpu=cortex-m3 -std=gnu11 -g3 -DSTM32F105xC -DUSE_HAL_DRIVER -DDEBUG -c -I../USB_HOST/App -I../Drivers/CMSIS/Device/ST/STM32F1xx/Include -I../Drivers/CMSIS/Include -I../Middlewares/ST/STM32_USB_Host_Library/Class/HID/Inc -I../Core/Inc -I../Drivers/STM32F1xx_HAL_Driver/Inc/Legacy -I../Drivers/STM32F1xx_HAL_Driver/Inc -I../USB_HOST/Target -I../Middlewares/ST/STM32_USB_Host_Library/Core/Inc -O0 -ffunction-sections -fdata-sections -Wall -fstack-usage -MMD -MP -MF"Drivers/STM32F1xx_HAL_Driver/Src/stm32f1xx_hal_flash.d" -MT"Drivers/STM32F1xx_HAL_Driver/Src/stm32f1xx_hal_flash.o" --specs=nano.specs -mfloat-abi=soft -mthumb -o "Drivers/STM32F1xx_HAL_Driver/Src/stm32f1xx_hal_flash.o"
arm-none-eabi-gcc "../Drivers/STM32F1xx_HAL_Driver/Src/stm32f1xx_hal_flash_ex.c" -mcpu=cortex-m3 -std=gnu11 -g3 -DSTM32F105xC -DUSE_HAL_DRIVER -DDEBUG -c -I../USB_HOST/App -I../Drivers/CMSIS/Device/ST/STM32F1xx/Include -I../Drivers/CMSIS/Include -I../Middlewares/ST/STM32_USB_Host_Library/Class/HID/Inc -I../Core/Inc -I../Drivers/STM32F1xx_HAL_Driver/Inc/Legacy -I../Drivers/STM32F1xx_HAL_Driver/Inc -I../USB_HOST/Target -I../Middlewares/ST/STM32_USB_Host_Library/Core/Inc -O0 -ffunction-sections -fdata-sections -Wall -fstack-usage -MMD -MP -MF"Drivers/STM32F1xx_HAL_Driver/Src/stm32f1xx_hal_flash_ex.d" -MT"Drivers/STM32F1xx_HAL_Driver/Src/stm32f1xx_hal_flash_ex.o" --specs=nano.specs -mfloat-abi=soft -mthumb -o "Drivers/STM32F1xx_HAL_Driver/Src/stm32f1xx_hal_flash_ex.o"
arm-none-eabi-gcc "../Drivers/STM32F1xx_HAL_Driver/Src/stm32f1xx_hal_gpio.c" -mcpu=cortex-m3 -std=gnu11 -g3 -DSTM32F105xC -DUSE_HAL_DRIVER -DDEBUG -c -I../USB_HOST/App -I../Drivers/CMSIS/Device/ST/STM32F1xx/Include -I../Drivers/CMSIS/Include -I../Middlewares/ST/STM32_USB_Host_Library/Class/HID/Inc -I../Core/Inc -I../Drivers/STM32F1xx_HAL_Driver/Inc/Legacy -I../Drivers/STM32F1xx_HAL_Driver/Inc -I../USB_HOST/Target -I../Middlewares/ST/STM32_USB_Host_Library/Core/Inc -O0 -ffunction-sections -fdata-sections -Wall -fstack-usage -MMD -MP -MF"Drivers/STM32F1xx_HAL_Driver/Src/stm32f1xx_hal_gpio.d" -MT"Drivers/STM32F1xx_HAL_Driver/Src/stm32f1xx_hal_gpio.o" --specs=nano.specs -mfloat-abi=soft -mthumb -o "Drivers/STM32F1xx_HAL_Driver/Src/stm32f1xx_hal_gpio.o"
arm-none-eabi-gcc "../Drivers/STM32F1xx_HAL_Driver/Src/stm32f1xx_hal_gpio_ex.c" -mcpu=cortex-m3 -std=gnu11 -g3 -DSTM32F105xC -DUSE_HAL_DRIVER -DDEBUG -c -I../USB_HOST/App -I../Drivers/CMSIS/Device/ST/STM32F1xx/Include -I../Drivers/CMSIS/Include -I../Middlewares/ST/STM32_USB_Host_Library/Class/HID/Inc -I../Core/Inc -I../Drivers/STM32F1xx_HAL_Driver/Inc/Legacy -I../Drivers/STM32F1xx_HAL_Driver/Inc -I../USB_HOST/Target -I../Middlewares/ST/STM32_USB_Host_Library/Core/Inc -O0 -ffunction-sections -fdata-sections -Wall -fstack-usage -MMD -MP -MF"Drivers/STM32F1xx_HAL_Driver/Src/stm32f1xx_hal_gpio_ex.d" -MT"Drivers/STM32F1xx_HAL_Driver/Src/stm32f1xx_hal_gpio_ex.o" --specs=nano.specs -mfloat-abi=soft -mthumb -o "Drivers/STM32F1xx_HAL_Driver/Src/stm32f1xx_hal_gpio_ex.o"
arm-none-eabi-gcc "../Drivers/STM32F1xx_HAL_Driver/Src/stm32f1xx_hal_hcd.c" -mcpu=cortex-m3 -std=gnu11 -g3 -DSTM32F105xC -DUSE_HAL_DRIVER -DDEBUG -c -I../USB_HOST/App -I../Drivers/CMSIS/Device/ST/STM32F1xx/Include -I../Drivers/CMSIS/Include -I../Middlewares/ST/STM32_USB_Host_Library/Class/HID/Inc -I../Core/Inc -I../Drivers/STM32F1xx_HAL_Driver/Inc/Legacy -I../Drivers/STM32F1xx_HAL_Driver/Inc -I../USB_HOST/Target -I../Middlewares/ST/STM32_USB_Host_Library/Core/Inc -O0 -ffunction-sections -fdata-sections -Wall -fstack-usage -MMD -MP -MF"Drivers/STM32F1xx_HAL_Driver/Src/stm32f1xx_hal_hcd.d" -MT"Drivers/STM32F1xx_HAL_Driver/Src/stm32f1xx_hal_hcd.o" --specs=nano.specs -mfloat-abi=soft -mthumb -o "Drivers/STM32F1xx_HAL_Driver/Src/stm32f1xx_hal_hcd.o"
arm-none-eabi-gcc "../Drivers/STM32F1xx_HAL_Driver/Src/stm32f1xx_hal_pwr.c" -mcpu=cortex-m3 -std=gnu11 -g3 -DSTM32F105xC -DUSE_HAL_DRIVER -DDEBUG -c -I../USB_HOST/App -I../Drivers/CMSIS/Device/ST/STM32F1xx/Include -I../Drivers/CMSIS/Include -I../Middlewares/ST/STM32_USB_Host_Library/Class/HID/Inc -I../Core/Inc -I../Drivers/STM32F1xx_HAL_Driver/Inc/Legacy -I../Drivers/STM32F1xx_HAL_Driver/Inc -I../USB_HOST/Target -I../Middlewares/ST/STM32_USB_Host_Library/Core/Inc -O0 -ffunction-sections -fdata-sections -Wall -fstack-usage -MMD -MP -MF"Drivers/STM32F1xx_HAL_Driver/Src/stm32f1xx_hal_pwr.d" -MT"Drivers/STM32F1xx_HAL_Driver/Src/stm32f1xx_hal_pwr.o" --specs=nano.specs -mfloat-abi=soft -mthumb -o "Drivers/STM32F1xx_HAL_Driver/Src/stm32f1xx_hal_pwr.o"
arm-none-eabi-gcc "../Drivers/STM32F1xx_HAL_Driver/Src/stm32f1xx_hal_rcc.c" -mcpu=cortex-m3 -std=gnu11 -g3 -DSTM32F105xC -DUSE_HAL_DRIVER -DDEBUG -c -I../USB_HOST/App -I../Drivers/CMSIS/Device/ST/STM32F1xx/Include -I../Drivers/CMSIS/Include -I../Middlewares/ST/STM32_USB_Host_Library/Class/HID/Inc -I../Core/Inc -I../Drivers/STM32F1xx_HAL_Driver/Inc/Legacy -I../Drivers/STM32F1xx_HAL_Driver/Inc -I../USB_HOST/Target -I../Middlewares/ST/STM32_USB_Host_Library/Core/Inc -O0 -ffunction-sections -fdata-sections -Wall -fstack-usage -MMD -MP -MF"Drivers/STM32F1xx_HAL_Driver/Src/stm32f1xx_hal_rcc.d" -MT"Drivers/STM32F1xx_HAL_Driver/Src/stm32f1xx_hal_rcc.o" --specs=nano.specs -mfloat-abi=soft -mthumb -o "Drivers/STM32F1xx_HAL_Driver/Src/stm32f1xx_hal_rcc.o"
arm-none-eabi-gcc "../Drivers/STM32F1xx_HAL_Driver/Src/stm32f1xx_hal_rcc_ex.c" -mcpu=cortex-m3 -std=gnu11 -g3 -DSTM32F105xC -DUSE_HAL_DRIVER -DDEBUG -c -I../USB_HOST/App -I../Drivers/CMSIS/Device/ST/STM32F1xx/Include -I../Drivers/CMSIS/Include -I../Middlewares/ST/STM32_USB_Host_Library/Class/HID/Inc -I../Core/Inc -I../Drivers/STM32F1xx_HAL_Driver/Inc/Legacy -I../Drivers/STM32F1xx_HAL_Driver/Inc -I../USB_HOST/Target -I../Middlewares/ST/STM32_USB_Host_Library/Core/Inc -O0 -ffunction-sections -fdata-sections -Wall -fstack-usage -MMD -MP -MF"Drivers/STM32F1xx_HAL_Driver/Src/stm32f1xx_hal_rcc_ex.d" -MT"Drivers/STM32F1xx_HAL_Driver/Src/stm32f1xx_hal_rcc_ex.o" --specs=nano.specs -mfloat-abi=soft -mthumb -o "Drivers/STM32F1xx_HAL_Driver/Src/stm32f1xx_hal_rcc_ex.o"
arm-none-eabi-gcc "../Drivers/STM32F1xx_HAL_Driver/Src/stm32f1xx_hal_rtc.c" -mcpu=cortex-m3 -std=gnu11 -g3 -DSTM32F105xC -DUSE_HAL_DRIVER -DDEBUG -c -I../USB_HOST/App -I../Drivers/CMSIS/Device/ST/STM32F1xx/Include -I../Drivers/CMSIS/Include -I../Middlewares/ST/STM32_USB_Host_Library/Class/HID/Inc -I../Core/Inc -I../Drivers/STM32F1xx_HAL_Driver/Inc/Legacy -I../Drivers/STM32F1xx_HAL_Driver/Inc -I../USB_HOST/Target -I../Middlewares/ST/STM32_USB_Host_Library/Core/Inc -O0 -ffunction-sections -fdata-sections -Wall -fstack-usage -MMD -MP -MF"Drivers/STM32F1xx_HAL_Driver/Src/stm32f1xx_hal_rtc.d" -MT"Drivers/STM32F1xx_HAL_Driver/Src/stm32f1xx_hal_rtc.o" --specs=nano.specs -mfloat-abi=soft -mthumb -o "Drivers/STM32F1xx_HAL_Driver/Src/stm32f1xx_hal_rtc.o"
arm-none-eabi-gcc "../Drivers/STM32F1xx_HAL_Driver/Src/stm32f1xx_hal_rtc_ex.c" -mcpu=cortex-m3 -std=gnu11 -g3 -DSTM32F105xC -DUSE_HAL_DRIVER -DDEBUG -c -I../USB_HOST/App -I../Drivers/CMSIS/Device/ST/STM32F1xx/Include -I../Drivers/CMSIS/Include -I../Middlewares/ST/STM32_USB_Host_Library/Class/HID/Inc -I../Core/Inc -I../Drivers/STM32F1xx_HAL_Driver/Inc/Legacy -I../Drivers/STM32F1xx_HAL_Driver/Inc -I../USB_HOST/Target -I../Middlewares/ST/STM32_USB_Host_Library/Core/Inc -O0 -ffunction-sections -fdata-sections -Wall -fstack-usage -MMD -MP -MF"Drivers/STM32F1xx_HAL_Driver/Src/stm32f1xx_hal_rtc_ex.d" -MT"Drivers/STM32F1xx_HAL_Driver/Src/stm32f1xx_hal_rtc_ex.o" --specs=nano.specs -mfloat-abi=soft -mthumb -o "Drivers/STM32F1xx_HAL_Driver/Src/stm32f1xx_hal_rtc_ex.o"
arm-none-eabi-gcc "../Drivers/STM32F1xx_HAL_Driver/Src/stm32f1xx_hal_spi.c" -mcpu=cortex-m3 -std=gnu11 -g3 -DSTM32F105xC -DUSE_HAL_DRIVER -DDEBUG -c -I../USB_HOST/App -I../Drivers/CMSIS/Device/ST/STM32F1xx/Include -I../Drivers/CMSIS/Include -I../Middlewares/ST/STM32_USB_Host_Library/Class/HID/Inc -I../Core/Inc -I../Drivers/STM32F1xx_HAL_Driver/Inc/Legacy -I../Drivers/STM32F1xx_HAL_Driver/Inc -I../USB_HOST/Target -I../Middlewares/ST/STM32_USB_Host_Library/Core/Inc -O0 -ffunction-sections -fdata-sections -Wall -fstack-usage -MMD -MP -MF"Drivers/STM32F1xx_HAL_Driver/Src/stm32f1xx_hal_spi.d" -MT"Drivers/STM32F1xx_HAL_Driver/Src/stm32f1xx_hal_spi.o" --specs=nano.specs -mfloat-abi=soft -mthumb -o "Drivers/STM32F1xx_HAL_Driver/Src/stm32f1xx_hal_spi.o"
arm-none-eabi-gcc "../Drivers/STM32F1xx_HAL_Driver/Src/stm32f1xx_hal_tim.c" -mcpu=cortex-m3 -std=gnu11 -g3 -DSTM32F105xC -DUSE_HAL_DRIVER -DDEBUG -c -I../USB_HOST/App -I../Drivers/CMSIS/Device/ST/STM32F1xx/Include -I../Drivers/CMSIS/Include -I../Middlewares/ST/STM32_USB_Host_Library/Class/HID/Inc -I../Core/Inc -I../Drivers/STM32F1xx_HAL_Driver/Inc/Legacy -I../Drivers/STM32F1xx_HAL_Driver/Inc -I../USB_HOST/Target -I../Middlewares/ST/STM32_USB_Host_Library/Core/Inc -O0 -ffunction-sections -fdata-sections -Wall -fstack-usage -MMD -MP -MF"Drivers/STM32F1xx_HAL_Driver/Src/stm32f1xx_hal_tim.d" -MT"Drivers/STM32F1xx_HAL_Driver/Src/stm32f1xx_hal_tim.o" --specs=nano.specs -mfloat-abi=soft -mthumb -o "Drivers/STM32F1xx_HAL_Driver/Src/stm32f1xx_hal_tim.o"
arm-none-eabi-gcc "../Drivers/STM32F1xx_HAL_Driver/Src/stm32f1xx_hal_tim_ex.c" -mcpu=cortex-m3 -std=gnu11 -g3 -DSTM32F105xC -DUSE_HAL_DRIVER -DDEBUG -c -I../USB_HOST/App -I../Drivers/CMSIS/Device/ST/STM32F1xx/Include -I../Drivers/CMSIS/Include -I../Middlewares/ST/STM32_USB_Host_Library/Class/HID/Inc -I../Core/Inc -I../Drivers/STM32F1xx_HAL_Driver/Inc/Legacy -I../Drivers/STM32F1xx_HAL_Driver/Inc -I../USB_HOST/Target -I../Middlewares/ST/STM32_USB_Host_Library/Core/Inc -O0 -ffunction-sections -fdata-sections -Wall -fstack-usage -MMD -MP -MF"Drivers/STM32F1xx_HAL_Driver/Src/stm32f1xx_hal_tim_ex.d" -MT"Drivers/STM32F1xx_HAL_Driver/Src/stm32f1xx_hal_tim_ex.o" --specs=nano.specs -mfloat-abi=soft -mthumb -o "Drivers/STM32F1xx_HAL_Driver/Src/stm32f1xx_hal_tim_ex.o"
arm-none-eabi-gcc "../Drivers/STM32F1xx_HAL_Driver/Src/stm32f1xx_hal_uart.c" -mcpu=cortex-m3 -std=gnu11 -g3 -DSTM32F105xC -DUSE_HAL_DRIVER -DDEBUG -c -I../USB_HOST/App -I../Drivers/CMSIS/Device/ST/STM32F1xx/Include -I../Drivers/CMSIS/Include -I../Middlewares/ST/STM32_USB_Host_Library/Class/HID/Inc -I../Core/Inc -I../Drivers/STM32F1xx_HAL_Driver/Inc/Legacy -I../Drivers/STM32F1xx_HAL_Driver/Inc -I../USB_HOST/Target -I../Middlewares/ST/STM32_USB_Host_Library/Core/Inc -O0 -ffunction-sections -fdata-sections -Wall -fstack-usage -MMD -MP -MF"Drivers/STM32F1xx_HAL_Driver/Src/stm32f1xx_hal_uart.d" -MT"Drivers/STM32F1xx_HAL_Driver/Src/stm32f1xx_hal_uart.o" --specs=nano.specs -mfloat-abi=soft -mthumb -o "Drivers/STM32F1xx_HAL_Driver/Src/stm32f1xx_hal_uart.o"
arm-none-eabi-gcc "../Drivers/STM32F1xx_HAL_Driver/Src/stm32f1xx_ll_usb.c" -mcpu=cortex-m3 -std=gnu11 -g3 -DSTM32F105xC -DUSE_HAL_DRIVER -DDEBUG -c -I../USB_HOST/App -I../Drivers/CMSIS/Device/ST/STM32F1xx/Include -I../Drivers/CMSIS/Include -I../Middlewares/ST/STM32_USB_Host_Library/Class/HID/Inc -I../Core/Inc -I../Drivers/STM32F1xx_HAL_Driver/Inc/Legacy -I../Drivers/STM32F1xx_HAL_Driver/Inc -I../USB_HOST/Target -I../Middlewares/ST/STM32_USB_Host_Library/Core/Inc -O0 -ffunction-sections -fdata-sections -Wall -fstack-usage -MMD -MP -MF"Drivers/STM32F1xx_HAL_Driver/Src/stm32f1xx_ll_usb.d" -MT"Drivers/STM32F1xx_HAL_Driver/Src/stm32f1xx_ll_usb.o" --specs=nano.specs -mfloat-abi=soft -mthumb -o "Drivers/STM32F1xx_HAL_Driver/Src/stm32f1xx_ll_usb.o"
arm-none-eabi-gcc "../Core/Src/main.c" -mcpu=cortex-m3 -std=gnu11 -g3 -DSTM32F105xC -DUSE_HAL_DRIVER -DDEBUG -c -I../USB_HOST/App -I../Drivers/CMSIS/Device/ST/STM32F1xx/Include -I../Drivers/CMSIS/Include -I../Middlewares/ST/STM32_USB_Host_Library/Class/HID/Inc -I../Core/Inc -I../Drivers/STM32F1xx_HAL_Driver/Inc/Legacy -I../Drivers/STM32F1xx_HAL_Driver/Inc -I../USB_HOST/Target -I../Middlewares/ST/STM32_USB_Host_Library/Core/Inc -O0 -ffunction-sections -fdata-sections -Wall -fstack-usage -MMD -MP -MF"Core/Src/main.d" -MT"Core/Src/main.o" --specs=nano.specs -mfloat-abi=soft -mthumb -o "Core/Src/main.o"
arm-none-eabi-gcc "../Core/Src/stm32f1xx_hal_msp.c" -mcpu=cortex-m3 -std=gnu11 -g3 -DSTM32F105xC -DUSE_HAL_DRIVER -DDEBUG -c -I../USB_HOST/App -I../Drivers/CMSIS/Device/ST/STM32F1xx/Include -I../Drivers/CMSIS/Include -I../Middlewares/ST/STM32_USB_Host_Library/Class/HID/Inc -I../Core/Inc -I../Drivers/STM32F1xx_HAL_Driver/Inc/Legacy -I../Drivers/STM32F1xx_HAL_Driver/Inc -I../USB_HOST/Target -I../Middlewares/ST/STM32_USB_Host_Library/Core/Inc -O0 -ffunction-sections -fdata-sections -Wall -fstack-usage -MMD -MP -MF"Core/Src/stm32f1xx_hal_msp.d" -MT"Core/Src/stm32f1xx_hal_msp.o" --specs=nano.specs -mfloat-abi=soft -mthumb -o "Core/Src/stm32f1xx_hal_msp.o"
arm-none-eabi-gcc "../Core/Src/stm32f1xx_it.c" -mcpu=cortex-m3 -std=gnu11 -g3 -DSTM32F105xC -DUSE_HAL_DRIVER -DDEBUG -c -I../USB_HOST/App -I../Drivers/CMSIS/Device/ST/STM32F1xx/Include -I../Drivers/CMSIS/Include -I../Middlewares/ST/STM32_USB_Host_Library/Class/HID/Inc -I../Core/Inc -I../Drivers/STM32F1xx_HAL_Driver/Inc/Legacy -I../Drivers/STM32F1xx_HAL_Driver/Inc -I../USB_HOST/Target -I../Middlewares/ST/STM32_USB_Host_Library/Core/Inc -O0 -ffunction-sections -fdata-sections -Wall -fstack-usage -MMD -MP -MF"Core/Src/stm32f1xx_it.d" -MT"Core/Src/stm32f1xx_it.o" --specs=nano.specs -mfloat-abi=soft -mthumb -o "Core/Src/stm32f1xx_it.o"
arm-none-eabi-gcc -o "test_stuff.elf" @"objects.list"   -mcpu=cortex-m3 -T"C:\Users\stephen\STM32CubeIDE\workspace_1.2.0\test_stuff\STM32F105RBTX_FLASH.ld" --specs=nosys.specs -Wl,-Map="test_stuff.map" -Wl,--gc-sections -static --specs=nano.specs -mfloat-abi=soft -mthumb -Wl,--start-group -lc -lm -Wl,--end-group
Finished building target: test_stuff.elf
 
arm-none-eabi-objdump -h -S  test_stuff.elf  > "test_stuff.list"
arm-none-eabi-objcopy  -O binary  test_stuff.elf  "test_stuff.bin"
arm-none-eabi-size   test_stuff.elf 
   text	   data	    bss	    dec	    hex	filename
  30124	    152	   3504	  33780	   83f4	test_stuff.elf
Finished building: default.size.stdout
 
Finished building: test_stuff.bin
 
Finished building: test_stuff.list
 
18:20:23 **** Incremental Build of configuration Debug for project test_stuff ****
make -j12 all 
arm-none-eabi-gcc "../Middlewares/ST/STM32_USB_Host_Library/Core/Src/usbh_core.c" -mcpu=cortex-m3 -std=gnu11 -g3 -DSTM32F105xC -DUSE_HAL_DRIVER -DDEBUG -c -I../USB_HOST/App -I../Drivers/CMSIS/Device/ST/STM32F1xx/Include -I../Drivers/CMSIS/Include -I../Middlewares/ST/STM32_USB_Host_Library/Class/HID/Inc -I../Core/Inc -I../Drivers/STM32F1xx_HAL_Driver/Inc/Legacy -I../Drivers/STM32F1xx_HAL_Driver/Inc -I../USB_HOST/Target -I../Middlewares/ST/STM32_USB_Host_Library/Core/Inc -O0 -ffunction-sections -fdata-sections -Wall -fstack-usage -MMD -MP -MF"Middlewares/ST/STM32_USB_Host_Library/Core/Src/usbh_core.d" -MT"Middlewares/ST/STM32_USB_Host_Library/Core/Src/usbh_core.o" --specs=nano.specs -mfloat-abi=soft -mthumb -o "Middlewares/ST/STM32_USB_Host_Library/Core/Src/usbh_core.o"
arm-none-eabi-gcc "../Middlewares/ST/STM32_USB_Host_Library/Core/Src/usbh_ctlreq.c" -mcpu=cortex-m3 -std=gnu11 -g3 -DSTM32F105xC -DUSE_HAL_DRIVER -DDEBUG -c -I../USB_HOST/App -I../Drivers/CMSIS/Device/ST/STM32F1xx/Include -I../Drivers/CMSIS/Include -I../Middlewares/ST/STM32_USB_Host_Library/Class/HID/Inc -I../Core/Inc -I../Drivers/STM32F1xx_HAL_Driver/Inc/Legacy -I../Drivers/STM32F1xx_HAL_Driver/Inc -I../USB_HOST/Target -I../Middlewares/ST/STM32_USB_Host_Library/Core/Inc -O0 -ffunction-sections -fdata-sections -Wall -fstack-usage -MMD -MP -MF"Middlewares/ST/STM32_USB_Host_Library/Core/Src/usbh_ctlreq.d" -MT"Middlewares/ST/STM32_USB_Host_Library/Core/Src/usbh_ctlreq.o" --specs=nano.specs -mfloat-abi=soft -mthumb -o "Middlewares/ST/STM32_USB_Host_Library/Core/Src/usbh_ctlreq.o"
arm-none-eabi-gcc "../Middlewares/ST/STM32_USB_Host_Library/Core/Src/usbh_ioreq.c" -mcpu=cortex-m3 -std=gnu11 -g3 -DSTM32F105xC -DUSE_HAL_DRIVER -DDEBUG -c -I../USB_HOST/App -I../Drivers/CMSIS/Device/ST/STM32F1xx/Include -I../Drivers/CMSIS/Include -I../Middlewares/ST/STM32_USB_Host_Library/Class/HID/Inc -I../Core/Inc -I../Drivers/STM32F1xx_HAL_Driver/Inc/Legacy -I../Drivers/STM32F1xx_HAL_Driver/Inc -I../USB_HOST/Target -I../Middlewares/ST/STM32_USB_Host_Library/Core/Inc -O0 -ffunction-sections -fdata-sections -Wall -fstack-usage -MMD -MP -MF"Middlewares/ST/STM32_USB_Host_Library/Core/Src/usbh_ioreq.d" -MT"Middlewares/ST/STM32_USB_Host_Library/Core/Src/usbh_ioreq.o" --specs=nano.specs -mfloat-abi=soft -mthumb -o "Middlewares/ST/STM32_USB_Host_Library/Core/Src/usbh_ioreq.o"
arm-none-eabi-gcc "../Middlewares/ST/STM32_USB_Host_Library/Core/Src/usbh_pipes.c" -mcpu=cortex-m3 -std=gnu11 -g3 -DSTM32F105xC -DUSE_HAL_DRIVER -DDEBUG -c -I../USB_HOST/App -I../Drivers/CMSIS/Device/ST/STM32F1xx/Include -I../Drivers/CMSIS/Include -I../Middlewares/ST/STM32_USB_Host_Library/Class/HID/Inc -I../Core/Inc -I../Drivers/STM32F1xx_HAL_Driver/Inc/Legacy -I../Drivers/STM32F1xx_HAL_Driver/Inc -I../USB_HOST/Target -I../Middlewares/ST/STM32_USB_Host_Library/Core/Inc -O0 -ffunction-sections -fdata-sections -Wall -fstack-usage -MMD -MP -MF"Middlewares/ST/STM32_USB_Host_Library/Core/Src/usbh_pipes.d" -MT"Middlewares/ST/STM32_USB_Host_Library/Core/Src/usbh_pipes.o" --specs=nano.specs -mfloat-abi=soft -mthumb -o "Middlewares/ST/STM32_USB_Host_Library/Core/Src/usbh_pipes.o"
arm-none-eabi-gcc "../Middlewares/ST/STM32_USB_Host_Library/Class/HID/Src/usbh_hid.c" -mcpu=cortex-m3 -std=gnu11 -g3 -DSTM32F105xC -DUSE_HAL_DRIVER -DDEBUG -c -I../USB_HOST/App -I../Drivers/CMSIS/Device/ST/STM32F1xx/Include -I../Drivers/CMSIS/Include -I../Middlewares/ST/STM32_USB_Host_Library/Class/HID/Inc -I../Core/Inc -I../Drivers/STM32F1xx_HAL_Driver/Inc/Legacy -I../Drivers/STM32F1xx_HAL_Driver/Inc -I../USB_HOST/Target -I../Middlewares/ST/STM32_USB_Host_Library/Core/Inc -O0 -ffunction-sections -fdata-sections -Wall -fstack-usage -MMD -MP -MF"Middlewares/ST/STM32_USB_Host_Library/Class/HID/Src/usbh_hid.d" -MT"Middlewares/ST/STM32_USB_Host_Library/Class/HID/Src/usbh_hid.o" --specs=nano.specs -mfloat-abi=soft -mthumb -o "Middlewares/ST/STM32_USB_Host_Library/Class/HID/Src/usbh_hid.o"
arm-none-eabi-gcc "../Middlewares/ST/STM32_USB_Host_Library/Class/HID/Src/usbh_hid_keybd.c" -mcpu=cortex-m3 -std=gnu11 -g3 -DSTM32F105xC -DUSE_HAL_DRIVER -DDEBUG -c -I../USB_HOST/App -I../Drivers/CMSIS/Device/ST/STM32F1xx/Include -I../Drivers/CMSIS/Include -I../Middlewares/ST/STM32_USB_Host_Library/Class/HID/Inc -I../Core/Inc -I../Drivers/STM32F1xx_HAL_Driver/Inc/Legacy -I../Drivers/STM32F1xx_HAL_Driver/Inc -I../USB_HOST/Target -I../Middlewares/ST/STM32_USB_Host_Library/Core/Inc -O0 -ffunction-sections -fdata-sections -Wall -fstack-usage -MMD -MP -MF"Middlewares/ST/STM32_USB_Host_Library/Class/HID/Src/usbh_hid_keybd.d" -MT"Middlewares/ST/STM32_USB_Host_Library/Class/HID/Src/usbh_hid_keybd.o" --specs=nano.specs -mfloat-abi=soft -mthumb -o "Middlewares/ST/STM32_USB_Host_Library/Class/HID/Src/usbh_hid_keybd.o"
arm-none-eabi-gcc "../Middlewares/ST/STM32_USB_Host_Library/Class/HID/Src/usbh_hid_mouse.c" -mcpu=cortex-m3 -std=gnu11 -g3 -DSTM32F105xC -DUSE_HAL_DRIVER -DDEBUG -c -I../USB_HOST/App -I../Drivers/CMSIS/Device/ST/STM32F1xx/Include -I../Drivers/CMSIS/Include -I../Middlewares/ST/STM32_USB_Host_Library/Class/HID/Inc -I../Core/Inc -I../Drivers/STM32F1xx_HAL_Driver/Inc/Legacy -I../Drivers/STM32F1xx_HAL_Driver/Inc -I../USB_HOST/Target -I../Middlewares/ST/STM32_USB_Host_Library/Core/Inc -O0 -ffunction-sections -fdata-sections -Wall -fstack-usage -MMD -MP -MF"Middlewares/ST/STM32_USB_Host_Library/Class/HID/Src/usbh_hid_mouse.d" -MT"Middlewares/ST/STM32_USB_Host_Library/Class/HID/Src/usbh_hid_mouse.o" --specs=nano.specs -mfloat-abi=soft -mthumb -o "Middlewares/ST/STM32_USB_Host_Library/Class/HID/Src/usbh_hid_mouse.o"
arm-none-eabi-gcc "../Middlewares/ST/STM32_USB_Host_Library/Class/HID/Src/usbh_hid_parser.c" -mcpu=cortex-m3 -std=gnu11 -g3 -DSTM32F105xC -DUSE_HAL_DRIVER -DDEBUG -c -I../USB_HOST/App -I../Drivers/CMSIS/Device/ST/STM32F1xx/Include -I../Drivers/CMSIS/Include -I../Middlewares/ST/STM32_USB_Host_Library/Class/HID/Inc -I../Core/Inc -I../Drivers/STM32F1xx_HAL_Driver/Inc/Legacy -I../Drivers/STM32F1xx_HAL_Driver/Inc -I../USB_HOST/Target -I../Middlewares/ST/STM32_USB_Host_Library/Core/Inc -O0 -ffunction-sections -fdata-sections -Wall -fstack-usage -MMD -MP -MF"Middlewares/ST/STM32_USB_Host_Library/Class/HID/Src/usbh_hid_parser.d" -MT"Middlewares/ST/STM32_USB_Host_Library/Class/HID/Src/usbh_hid_parser.o" --specs=nano.specs -mfloat-abi=soft -mthumb -o "Middlewares/ST/STM32_USB_Host_Library/Class/HID/Src/usbh_hid_parser.o"
arm-none-eabi-gcc "../Core/Src/system_stm32f1xx.c" -mcpu=cortex-m3 -std=gnu11 -g3 -DSTM32F105xC -DUSE_HAL_DRIVER -DDEBUG -c -I../USB_HOST/App -I../Drivers/CMSIS/Device/ST/STM32F1xx/Include -I../Drivers/CMSIS/Include -I../Middlewares/ST/STM32_USB_Host_Library/Class/HID/Inc -I../Core/Inc -I../Drivers/STM32F1xx_HAL_Driver/Inc/Legacy -I../Drivers/STM32F1xx_HAL_Driver/Inc -I../USB_HOST/Target -I../Middlewares/ST/STM32_USB_Host_Library/Core/Inc -O0 -ffunction-sections -fdata-sections -Wall -fstack-usage -MMD -MP -MF"Core/Src/system_stm32f1xx.d" -MT"Core/Src/system_stm32f1xx.o" --specs=nano.specs -mfloat-abi=soft -mthumb -o "Core/Src/system_stm32f1xx.o"
arm-none-eabi-gcc "../USB_HOST/Target/usbh_conf.c" -mcpu=cortex-m3 -std=gnu11 -g3 -DSTM32F105xC -DUSE_HAL_DRIVER -DDEBUG -c -I../USB_HOST/App -I../Drivers/CMSIS/Device/ST/STM32F1xx/Include -I../Drivers/CMSIS/Include -I../Middlewares/ST/STM32_USB_Host_Library/Class/HID/Inc -I../Core/Inc -I../Drivers/STM32F1xx_HAL_Driver/Inc/Legacy -I../Drivers/STM32F1xx_HAL_Driver/Inc -I../USB_HOST/Target -I../Middlewares/ST/STM32_USB_Host_Library/Core/Inc -O0 -ffunction-sections -fdata-sections -Wall -fstack-usage -MMD -MP -MF"USB_HOST/Target/usbh_conf.d" -MT"USB_HOST/Target/usbh_conf.o" --specs=nano.specs -mfloat-abi=soft -mthumb -o "USB_HOST/Target/usbh_conf.o"
arm-none-eabi-gcc "../USB_HOST/App/usb_host.c" -mcpu=cortex-m3 -std=gnu11 -g3 -DSTM32F105xC -DUSE_HAL_DRIVER -DDEBUG -c -I../USB_HOST/App -I../Drivers/CMSIS/Device/ST/STM32F1xx/Include -I../Drivers/CMSIS/Include -I../Middlewares/ST/STM32_USB_Host_Library/Class/HID/Inc -I../Core/Inc -I../Drivers/STM32F1xx_HAL_Driver/Inc/Legacy -I../Drivers/STM32F1xx_HAL_Driver/Inc -I../USB_HOST/Target -I../Middlewares/ST/STM32_USB_Host_Library/Core/Inc -O0 -ffunction-sections -fdata-sections -Wall -fstack-usage -MMD -MP -MF"USB_HOST/App/usb_host.d" -MT"USB_HOST/App/usb_host.o" --specs=nano.specs -mfloat-abi=soft -mthumb -o "USB_HOST/App/usb_host.o"
arm-none-eabi-gcc "../Drivers/STM32F1xx_HAL_Driver/Src/stm32f1xx_hal.c" -mcpu=cortex-m3 -std=gnu11 -g3 -DSTM32F105xC -DUSE_HAL_DRIVER -DDEBUG -c -I../USB_HOST/App -I../Drivers/CMSIS/Device/ST/STM32F1xx/Include -I../Drivers/CMSIS/Include -I../Middlewares/ST/STM32_USB_Host_Library/Class/HID/Inc -I../Core/Inc -I../Drivers/STM32F1xx_HAL_Driver/Inc/Legacy -I../Drivers/STM32F1xx_HAL_Driver/Inc -I../USB_HOST/Target -I../Middlewares/ST/STM32_USB_Host_Library/Core/Inc -O0 -ffunction-sections -fdata-sections -Wall -fstack-usage -MMD -MP -MF"Drivers/STM32F1xx_HAL_Driver/Src/stm32f1xx_hal.d" -MT"Drivers/STM32F1xx_HAL_Driver/Src/stm32f1xx_hal.o" --specs=nano.specs -mfloat-abi=soft -mthumb -o "Drivers/STM32F1xx_HAL_Driver/Src/stm32f1xx_hal.o"
arm-none-eabi-gcc "../Drivers/STM32F1xx_HAL_Driver/Src/stm32f1xx_hal_cortex.c" -mcpu=cortex-m3 -std=gnu11 -g3 -DSTM32F105xC -DUSE_HAL_DRIVER -DDEBUG -c -I../USB_HOST/App -I../Drivers/CMSIS/Device/ST/STM32F1xx/Include -I../Drivers/CMSIS/Include -I../Middlewares/ST/STM32_USB_Host_Library/Class/HID/Inc -I../Core/Inc -I../Drivers/STM32F1xx_HAL_Driver/Inc/Legacy -I../Drivers/STM32F1xx_HAL_Driver/Inc -I../USB_HOST/Target -I../Middlewares/ST/STM32_USB_Host_Library/Core/Inc -O0 -ffunction-sections -fdata-sections -Wall -fstack-usage -MMD -MP -MF"Drivers/STM32F1xx_HAL_Driver/Src/stm32f1xx_hal_cortex.d" -MT"Drivers/STM32F1xx_HAL_Driver/Src/stm32f1xx_hal_cortex.o" --specs=nano.specs -mfloat-abi=soft -mthumb -o "Drivers/STM32F1xx_HAL_Driver/Src/stm32f1xx_hal_cortex.o"
arm-none-eabi-gcc "../Drivers/STM32F1xx_HAL_Driver/Src/stm32f1xx_hal_dma.c" -mcpu=cortex-m3 -std=gnu11 -g3 -DSTM32F105xC -DUSE_HAL_DRIVER -DDEBUG -c -I../USB_HOST/App -I../Drivers/CMSIS/Device/ST/STM32F1xx/Include -I../Drivers/CMSIS/Include -I../Middlewares/ST/STM32_USB_Host_Library/Class/HID/Inc -I../Core/Inc -I../Drivers/STM32F1xx_HAL_Driver/Inc/Legacy -I../Drivers/STM32F1xx_HAL_Driver/Inc -I../USB_HOST/Target -I../Middlewares/ST/STM32_USB_Host_Library/Core/Inc -O0 -ffunction-sections -fdata-sections -Wall -fstack-usage -MMD -MP -MF"Drivers/STM32F1xx_HAL_Driver/Src/stm32f1xx_hal_dma.d" -MT"Drivers/STM32F1xx_HAL_Driver/Src/stm32f1xx_hal_dma.o" --specs=nano.specs -mfloat-abi=soft -mthumb -o "Drivers/STM32F1xx_HAL_Driver/Src/stm32f1xx_hal_dma.o"
arm-none-eabi-gcc "../Drivers/STM32F1xx_HAL_Driver/Src/stm32f1xx_hal_exti.c" -mcpu=cortex-m3 -std=gnu11 -g3 -DSTM32F105xC -DUSE_HAL_DRIVER -DDEBUG -c -I../USB_HOST/App -I../Drivers/CMSIS/Device/ST/STM32F1xx/Include -I../Drivers/CMSIS/Include -I../Middlewares/ST/STM32_USB_Host_Library/Class/HID/Inc -I../Core/Inc -I../Drivers/STM32F1xx_HAL_Driver/Inc/Legacy -I../Drivers/STM32F1xx_HAL_Driver/Inc -I../USB_HOST/Target -I../Middlewares/ST/STM32_USB_Host_Library/Core/Inc -O0 -ffunction-sections -fdata-sections -Wall -fstack-usage -MMD -MP -MF"Drivers/STM32F1xx_HAL_Driver/Src/stm32f1xx_hal_exti.d" -MT"Drivers/STM32F1xx_HAL_Driver/Src/stm32f1xx_hal_exti.o" --specs=nano.specs -mfloat-abi=soft -mthumb -o "Drivers/STM32F1xx_HAL_Driver/Src/stm32f1xx_hal_exti.o"
arm-none-eabi-gcc "../Drivers/STM32F1xx_HAL_Driver/Src/stm32f1xx_hal_flash.c" -mcpu=cortex-m3 -std=gnu11 -g3 -DSTM32F105xC -DUSE_HAL_DRIVER -DDEBUG -c -I../USB_HOST/App -I../Drivers/CMSIS/Device/ST/STM32F1xx/Include -I../Drivers/CMSIS/Include -I../Middlewares/ST/STM32_USB_Host_Library/Class/HID/Inc -I../Core/Inc -I../Drivers/STM32F1xx_HAL_Driver/Inc/Legacy -I../Drivers/STM32F1xx_HAL_Driver/Inc -I../USB_HOST/Target -I../Middlewares/ST/STM32_USB_Host_Library/Core/Inc -O0 -ffunction-sections -fdata-sections -Wall -fstack-usage -MMD -MP -MF"Drivers/STM32F1xx_HAL_Driver/Src/stm32f1xx_hal_flash.d" -MT"Drivers/STM32F1xx_HAL_Driver/Src/stm32f1xx_hal_flash.o" --specs=nano.specs -mfloat-abi=soft -mthumb -o "Drivers/STM32F1xx_HAL_Driver/Src/stm32f1xx_hal_flash.o"
arm-none-eabi-gcc "../Drivers/STM32F1xx_HAL_Driver/Src/stm32f1xx_hal_flash_ex.c" -mcpu=cortex-m3 -std=gnu11 -g3 -DSTM32F105xC -DUSE_HAL_DRIVER -DDEBUG -c -I../USB_HOST/App -I../Drivers/CMSIS/Device/ST/STM32F1xx/Include -I../Drivers/CMSIS/Include -I../Middlewares/ST/STM32_USB_Host_Library/Class/HID/Inc -I../Core/Inc -I../Drivers/STM32F1xx_HAL_Driver/Inc/Legacy -I../Drivers/STM32F1xx_HAL_Driver/Inc -I../USB_HOST/Target -I../Middlewares/ST/STM32_USB_Host_Library/Core/Inc -O0 -ffunction-sections -fdata-sections -Wall -fstack-usage -MMD -MP -MF"Drivers/STM32F1xx_HAL_Driver/Src/stm32f1xx_hal_flash_ex.d" -MT"Drivers/STM32F1xx_HAL_Driver/Src/stm32f1xx_hal_flash_ex.o" --specs=nano.specs -mfloat-abi=soft -mthumb -o "Drivers/STM32F1xx_HAL_Driver/Src/stm32f1xx_hal_flash_ex.o"
arm-none-eabi-gcc "../Drivers/STM32F1xx_HAL_Driver/Src/stm32f1xx_hal_gpio.c" -mcpu=cortex-m3 -std=gnu11 -g3 -DSTM32F105xC -DUSE_HAL_DRIVER -DDEBUG -c -I../USB_HOST/App -I../Drivers/CMSIS/Device/ST/STM32F1xx/Include -I../Drivers/CMSIS/Include -I../Middlewares/ST/STM32_USB_Host_Library/Class/HID/Inc -I../Core/Inc -I../Drivers/STM32F1xx_HAL_Driver/Inc/Legacy -I../Drivers/STM32F1xx_HAL_Driver/Inc -I../USB_HOST/Target -I../Middlewares/ST/STM32_USB_Host_Library/Core/Inc -O0 -ffunction-sections -fdata-sections -Wall -fstack-usage -MMD -MP -MF"Drivers/STM32F1xx_HAL_Driver/Src/stm32f1xx_hal_gpio.d" -MT"Drivers/STM32F1xx_HAL_Driver/Src/stm32f1xx_hal_gpio.o" --specs=nano.specs -mfloat-abi=soft -mthumb -o "Drivers/STM32F1xx_HAL_Driver/Src/stm32f1xx_hal_gpio.o"
arm-none-eabi-gcc "../Drivers/STM32F1xx_HAL_Driver/Src/stm32f1xx_hal_gpio_ex.c" -mcpu=cortex-m3 -std=gnu11 -g3 -DSTM32F105xC -DUSE_HAL_DRIVER -DDEBUG -c -I../USB_HOST/App -I../Drivers/CMSIS/Device/ST/STM32F1xx/Include -I../Drivers/CMSIS/Include -I../Middlewares/ST/STM32_USB_Host_Library/Class/HID/Inc -I../Core/Inc -I../Drivers/STM32F1xx_HAL_Driver/Inc/Legacy -I../Drivers/STM32F1xx_HAL_Driver/Inc -I../USB_HOST/Target -I../Middlewares/ST/STM32_USB_Host_Library/Core/Inc -O0 -ffunction-sections -fdata-sections -Wall -fstack-usage -MMD -MP -MF"Drivers/STM32F1xx_HAL_Driver/Src/stm32f1xx_hal_gpio_ex.d" -MT"Drivers/STM32F1xx_HAL_Driver/Src/stm32f1xx_hal_gpio_ex.o" --specs=nano.specs -mfloat-abi=soft -mthumb -o "Drivers/STM32F1xx_HAL_Driver/Src/stm32f1xx_hal_gpio_ex.o"
[...]
 
Finished building: test_stuff.list
 
18:35:04 **** Incremental Build of configuration Debug for project test_stuff ****
make -j12 all 
arm-none-eabi-size   test_stuff.elf 
   text	   data	    bss	    dec	    hex	filename
  39600	    152	   3512	  43264	   a900	test_stuff.elf
Finished building: default.size.stdout
 
18:37:14 **** Incremental Build of configuration Debug for project test_stuff ****
make -j12 all 
arm-none-eabi-gcc "../Middlewares/ST/STM32_USB_Host_Library/Class/HID/Src/usbh_hid_mouse.c" -mcpu=cortex-m3 -std=gnu11 -g3 -DSTM32F105xC -DUSE_HAL_DRIVER -DDEBUG -c -I../USB_HOST/App -I../Drivers/CMSIS/Device/ST/STM32F1xx/Include -I../Drivers/CMSIS/Include -I../Middlewares/ST/STM32_USB_Host_Library/Class/HID/Inc -I../Core/Inc -I../Drivers/STM32F1xx_HAL_Driver/Inc/Legacy -I../Drivers/STM32F1xx_HAL_Driver/Inc -I../USB_HOST/Target -I../Middlewares/ST/STM32_USB_Host_Library/Core/Inc -O0 -ffunction-sections -fdata-sections -Wall -fstack-usage -MMD -MP -MF"Middlewares/ST/STM32_USB_Host_Library/Class/HID/Src/usbh_hid_mouse.d" -MT"Middlewares/ST/STM32_USB_Host_Library/Class/HID/Src/usbh_hid_mouse.o" --specs=nano.specs -mfloat-abi=soft -mthumb -o "Middlewares/ST/STM32_USB_Host_Library/Class/HID/Src/usbh_hid_mouse.o"
arm-none-eabi-gcc "../Core/Src/user_io.c" -mcpu=cortex-m3 -std=gnu11 -g3 -DSTM32F105xC -DUSE_HAL_DRIVER -DDEBUG -c -I../USB_HOST/App -I../Drivers/CMSIS/Device/ST/STM32F1xx/Include -I../Drivers/CMSIS/Include -I../Middlewares/ST/STM32_USB_Host_Library/Class/HID/Inc -I../Core/Inc -I../Drivers/STM32F1xx_HAL_Driver/Inc/Legacy -I../Drivers/STM32F1xx_HAL_Driver/Inc -I../USB_HOST/Target -I../Middlewares/ST/STM32_USB_Host_Library/Core/Inc -O0 -ffunction-sections -fdata-sections -Wall -fstack-usage -MMD -MP -MF"Core/Src/user_io.d" -MT"Core/Src/user_io.o" --specs=nano.specs -mfloat-abi=soft -mthumb -o "Core/Src/user_io.o"
../Core/Src/user_io.c: In function 'spi_mouse_io':
../Core/Src/user_io.c:30:9: warning: variable 'x_delta' set but not used [-Wunused-but-set-variable]
  int8_t x_delta;
         ^~~~~~~
arm-none-eabi-gcc -o "test_stuff.elf" @"objects.list"   -mcpu=cortex-m3 -T"C:\Users\stephen\STM32CubeIDE\workspace_1.2.0\test_stuff\STM32F105RBTX_FLASH.ld" --specs=nosys.specs -Wl,-Map="test_stuff.map" -Wl,--gc-sections -static --specs=nano.specs -mfloat-abi=soft -mthumb -Wl,--start-group -lc -lm -Wl,--end-group
Finished building target: test_stuff.elf
 
arm-none-eabi-objdump -h -S  test_stuff.elf  > "test_stuff.list"
arm-none-eabi-objcopy  -O binary  test_stuff.elf  "test_stuff.bin"
arm-none-eabi-size   test_stuff.elf 
   text	   data	    bss	    dec	    hex	filename
  39600	    152	   3512	  43264	   a900	test_stuff.elf
Finished building: default.size.stdout
 
Finished building: test_stuff.bin
 
Finished building: test_stuff.list
 
18:43:22 **** Incremental Build of configuration Debug for project test_stuff ****
make -j12 all 
arm-none-eabi-size   test_stuff.elf 
   text	   data	    bss	    dec	    hex	filename
  39600	    152	   3512	  43264	   a900	test_stuff.elf
Finished building: default.size.stdout
 
18:44:50 **** Incremental Build of configuration Debug for project test_stuff ****
make -j12 all 
arm-none-eabi-gcc "../Core/Src/user_io.c" -mcpu=cortex-m3 -std=gnu11 -g3 -DSTM32F105xC -DUSE_HAL_DRIVER -DDEBUG -c -I../USB_HOST/App -I../Drivers/CMSIS/Device/ST/STM32F1xx/Include -I../Drivers/CMSIS/Include -I../Middlewares/ST/STM32_USB_Host_Library/Class/HID/Inc -I../Core/Inc -I../Drivers/STM32F1xx_HAL_Driver/Inc/Legacy -I../Drivers/STM32F1xx_HAL_Driver/Inc -I../USB_HOST/Target -I../Middlewares/ST/STM32_USB_Host_Library/Core/Inc -O0 -ffunction-sections -fdata-sections -Wall -fstack-usage -MMD -MP -MF"Core/Src/user_io.d" -MT"Core/Src/user_io.o" --specs=nano.specs -mfloat-abi=soft -mthumb -o "Core/Src/user_io.o"
arm-none-eabi-gcc -o "test_stuff.elf" @"objects.list"   -mcpu=cortex-m3 -T"C:\Users\stephen\STM32CubeIDE\workspace_1.2.0\test_stuff\STM32F105RBTX_FLASH.ld" --specs=nosys.specs -Wl,-Map="test_stuff.map" -Wl,--gc-sections -static --specs=nano.specs -mfloat-abi=soft -mthumb -Wl,--start-group -lc -lm -Wl,--end-group
Finished building target: test_stuff.elf
 
arm-none-eabi-objdump -h -S  test_stuff.elf  > "test_stuff.list"
arm-none-eabi-objcopy  -O binary  test_stuff.elf  "test_stuff.bin"
arm-none-eabi-size   test_stuff.elf 
   text	   data	    bss	    dec	    hex	filename
  39600	    152	   3512	  43264	   a900	test_stuff.elf
Finished building: default.size.stdout
 
Finished building: test_stuff.bin
 
Finished building: test_stuff.list
 
18:45:26 **** Incremental Build of configuration Debug for project test_stuff ****
make -j12 all 
arm-none-eabi-size   test_stuff.elf 
   text	   data	    bss	    dec	    hex	filename
  39600	    152	   3512	  43264	   a900	test_stuff.elf
Finished building: default.size.stdout
 
18:48:17 **** Incremental Build of configuration Debug for project test_stuff ****
make -j12 all 
arm-none-eabi-gcc "../Core/Src/user_io.c" -mcpu=cortex-m3 -std=gnu11 -g3 -DSTM32F105xC -DUSE_HAL_DRIVER -DDEBUG -c -I../USB_HOST/App -I../Drivers/CMSIS/Device/ST/STM32F1xx/Include -I../Drivers/CMSIS/Include -I../Middlewares/ST/STM32_USB_Host_Library/Class/HID/Inc -I../Core/Inc -I../Drivers/STM32F1xx_HAL_Driver/Inc/Legacy -I../Drivers/STM32F1xx_HAL_Driver/Inc -I../USB_HOST/Target -I../Middlewares/ST/STM32_USB_Host_Library/Core/Inc -O0 -ffunction-sections -fdata-sections -Wall -fstack-usage -MMD -MP -MF"Core/Src/user_io.d" -MT"Core/Src/user_io.o" --specs=nano.specs -mfloat-abi=soft -mthumb -o "Core/Src/user_io.o"
arm-none-eabi-gcc -o "test_stuff.elf" @"objects.list"   -mcpu=cortex-m3 -T"C:\Users\stephen\STM32CubeIDE\workspace_1.2.0\test_stuff\STM32F105RBTX_FLASH.ld" --specs=nosys.specs -Wl,-Map="test_stuff.map" -Wl,--gc-sections -static --specs=nano.specs -mfloat-abi=soft -mthumb -Wl,--start-group -lc -lm -Wl,--end-group
Finished building target: test_stuff.elf
 
arm-none-eabi-objdump -h -S  test_stuff.elf  > "test_stuff.list"
arm-none-eabi-objcopy  -O binary  test_stuff.elf  "test_stuff.bin"
arm-none-eabi-size   test_stuff.elf 
   text	   data	    bss	    dec	    hex	filename
  39608	    152	   3512	  43272	   a908	test_stuff.elf
Finished building: default.size.stdout
 
Finished building: test_stuff.bin
 
Finished building: test_stuff.list
 
18:49:00 **** Incremental Build of configuration Debug for project test_stuff ****
make -j12 all 
arm-none-eabi-size   test_stuff.elf 
   text	   data	    bss	    dec	    hex	filename
  39608	    152	   3512	  43272	   a908	test_stuff.elf
Finished building: default.size.stdout
 
19:56:54 **** Incremental Build of configuration Debug for project test_stuff ****
make -j12 all 
arm-none-eabi-size   test_stuff.elf 
   text	   data	    bss	    dec	    hex	filename
  39608	    152	   3512	  43272	   a908	test_stuff.elf
Finished building: default.size.stdout
 
19:57:19 **** Incremental Build of configuration Debug for project test_stuff ****
make -j12 all 
arm-none-eabi-size   test_stuff.elf 
   text	   data	    bss	    dec	    hex	filename
  39608	    152	   3512	  43272	   a908	test_stuff.elf
Finished building: default.size.stdout
 
19:58:05 **** Incremental Build of configuration Debug for project test_stuff ****
make -j12 all 
arm-none-eabi-size   test_stuff.elf 
   text	   data	    bss	    dec	    hex	filename
  39608	    152	   3512	  43272	   a908	test_stuff.elf
Finished building: default.size.stdout
 
20:00:19 **** Incremental Build of configuration Debug for project test_stuff ****
make -j12 all 
arm-none-eabi-size   test_stuff.elf 
   text	   data	    bss	    dec	    hex	filename
  39608	    152	   3512	  43272	   a908	test_stuff.elf
Finished building: default.size.stdout
 
20:03:52 **** Incremental Build of configuration Debug for project test_stuff ****
make -j12 all 
arm-none-eabi-size   test_stuff.elf 
   text	   data	    bss	    dec	    hex	filename
  39608	    152	   3512	  43272	   a908	test_stuff.elf
Finished building: default.size.stdout
 
20:10:32 **** Incremental Build of configuration Debug for project test_stuff ****
make -j12 all 
arm-none-eabi-gcc "../Core/Src/main.c" -mcpu=cortex-m3 -std=gnu11 -g3 -DSTM32F105xC -DUSE_HAL_DRIVER -DDEBUG -c -I../USB_HOST/App -I../Drivers/CMSIS/Device/ST/STM32F1xx/Include -I../Drivers/CMSIS/Include -I../Middlewares/ST/STM32_USB_Host_Library/Class/HID/Inc -I../Core/Inc -I../Drivers/STM32F1xx_HAL_Driver/Inc/Legacy -I../Drivers/STM32F1xx_HAL_Driver/Inc -I../USB_HOST/Target -I../Middlewares/ST/STM32_USB_Host_Library/Core/Inc -O0 -ffunction-sections -fdata-sections -Wall -fstack-usage -MMD -MP -MF"Core/Src/main.d" -MT"Core/Src/main.o" --specs=nano.specs -mfloat-abi=soft -mthumb -o "Core/Src/main.o"
In file included from ../Middlewares/ST/STM32_USB_Host_Library/Core/Inc/usbh_def.h:29:0,
                 from ../Core/Src/main.c:26:
../USB_HOST/Target/usbh_conf.h:87:0: warning: "USBH_DEBUG_LEVEL" redefined
 #define USBH_DEBUG_LEVEL      9U
 
../Core/Src/main.c:20:0: note: this is the location of the previous definition
 #define USBH_DEBUG_LEVEL 9
 
../Core/Src/main.c: In function 'main':
../Core/Src/main.c:147:10: warning: unused variable 'key' [-Wunused-variable]
     char key = (char) USBH_HID_GetASCIICode(keyInfo);
          ^~~
../Core/Src/main.c:120:7: warning: unused variable 'ready' [-Wunused-variable]
   int ready = 0;
       ^~~~~
arm-none-eabi-gcc -o "test_stuff.elf" @"objects.list"   -mcpu=cortex-m3 -T"C:\Users\stephen\STM32CubeIDE\workspace_1.2.0\test_stuff\STM32F105RBTX_FLASH.ld" --specs=nosys.specs -Wl,-Map="test_stuff.map" -Wl,--gc-sections -static --specs=nano.specs -mfloat-abi=soft -mthumb -Wl,--start-group -lc -lm -Wl,--end-group
Finished building target: test_stuff.elf
 
arm-none-eabi-objdump -h -S  test_stuff.elf  > "test_stuff.list"
arm-none-eabi-objcopy  -O binary  test_stuff.elf  "test_stuff.bin"
arm-none-eabi-size   test_stuff.elf 
   text	   data	    bss	    dec	    hex	filename
  39624	    152	   3512	  43288	   a918	test_stuff.elf
Finished building: default.size.stdout
 
Finished building: test_stuff.bin
 
Finished building: test_stuff.list
 
20:14:35 **** Incremental Build of configuration Debug for project test_stuff ****
make -j12 all 
arm-none-eabi-gcc "../Core/Src/user_io.c" -mcpu=cortex-m3 -std=gnu11 -g3 -DSTM32F105xC -DUSE_HAL_DRIVER -DDEBUG -c -I../USB_HOST/App -I../Drivers/CMSIS/Device/ST/STM32F1xx/Include -I../Drivers/CMSIS/Include -I../Middlewares/ST/STM32_USB_Host_Library/Class/HID/Inc -I../Core/Inc -I../Drivers/STM32F1xx_HAL_Driver/Inc/Legacy -I../Drivers/STM32F1xx_HAL_Driver/Inc -I../USB_HOST/Target -I../Middlewares/ST/STM32_USB_Host_Library/Core/Inc -O0 -ffunction-sections -fdata-sections -Wall -fstack-usage -MMD -MP -MF"Core/Src/user_io.d" -MT"Core/Src/user_io.o" --specs=nano.specs -mfloat-abi=soft -mthumb -o "Core/Src/user_io.o"
arm-none-eabi-gcc -o "test_stuff.elf" @"objects.list"   -mcpu=cortex-m3 -T"C:\Users\stephen\STM32CubeIDE\workspace_1.2.0\test_stuff\STM32F105RBTX_FLASH.ld" --specs=nosys.specs -Wl,-Map="test_stuff.map" -Wl,--gc-sections -static --specs=nano.specs -mfloat-abi=soft -mthumb -Wl,--start-group -lc -lm -Wl,--end-group
Finished building target: test_stuff.elf
 
arm-none-eabi-objdump -h -S  test_stuff.elf  > "test_stuff.list"
arm-none-eabi-objcopy  -O binary  test_stuff.elf  "test_stuff.bin"
arm-none-eabi-size   test_stuff.elf 
   text	   data	    bss	    dec	    hex	filename
  39620	    152	   3512	  43284	   a914	test_stuff.elf
Finished building: default.size.stdout
 
Finished building: test_stuff.bin
 
Finished building: test_stuff.list
 
20:23:44 **** Incremental Build of configuration Debug for project test_stuff ****
make -j12 all 
arm-none-eabi-size   test_stuff.elf 
   text	   data	    bss	    dec	    hex	filename
  39620	    152	   3512	  43284	   a914	test_stuff.elf
Finished building: default.size.stdout
 
20:25:14 **** Incremental Build of configuration Debug for project test_stuff ****
make -j12 all 
arm-none-eabi-size   test_stuff.elf 
   text	   data	    bss	    dec	    hex	filename
  39620	    152	   3512	  43284	   a914	test_stuff.elf
Finished building: default.size.stdout
 
20:29:28 **** Incremental Build of configuration Debug for project test_stuff ****
make -j12 all 
arm-none-eabi-size   test_stuff.elf 
   text	   data	    bss	    dec	    hex	filename
  39620	    152	   3512	  43284	   a914	test_stuff.elf
Finished building: default.size.stdout
 
20:35:45 **** Incremental Build of configuration Debug for project test_stuff ****
make -j12 all 
arm-none-eabi-gcc "../Core/Src/user_io.c" -mcpu=cortex-m3 -std=gnu11 -g3 -DSTM32F105xC -DUSE_HAL_DRIVER -DDEBUG -c -I../USB_HOST/App -I../Drivers/CMSIS/Device/ST/STM32F1xx/Include -I../Drivers/CMSIS/Include -I../Middlewares/ST/STM32_USB_Host_Library/Class/HID/Inc -I../Core/Inc -I../Drivers/STM32F1xx_HAL_Driver/Inc/Legacy -I../Drivers/STM32F1xx_HAL_Driver/Inc -I../USB_HOST/Target -I../Middlewares/ST/STM32_USB_Host_Library/Core/Inc -O0 -ffunction-sections -fdata-sections -Wall -fstack-usage -MMD -MP -MF"Core/Src/user_io.d" -MT"Core/Src/user_io.o" --specs=nano.specs -mfloat-abi=soft -mthumb -o "Core/Src/user_io.o"
arm-none-eabi-gcc -o "test_stuff.elf" @"objects.list"   -mcpu=cortex-m3 -T"C:\Users\stephen\STM32CubeIDE\workspace_1.2.0\test_stuff\STM32F105RBTX_FLASH.ld" --specs=nosys.specs -Wl,-Map="test_stuff.map" -Wl,--gc-sections -static --specs=nano.specs -mfloat-abi=soft -mthumb -Wl,--start-group -lc -lm -Wl,--end-group
Finished building target: test_stuff.elf
 
arm-none-eabi-objdump -h -S  test_stuff.elf  > "test_stuff.list"
arm-none-eabi-objcopy  -O binary  test_stuff.elf  "test_stuff.bin"
arm-none-eabi-size   test_stuff.elf 
   text	   data	    bss	    dec	    hex	filename
  39644	    152	   3512	  43308	   a92c	test_stuff.elf
Finished building: default.size.stdout
 
Finished building: test_stuff.bin
 
Finished building: test_stuff.list
 
21:39:23 **** Incremental Build of configuration Debug for project test_stuff ****
make -j12 all 
arm-none-eabi-size   test_stuff.elf 
   text	   data	    bss	    dec	    hex	filename
  39644	    152	   3512	  43308	   a92c	test_stuff.elf
Finished building: default.size.stdout
 
21:43:50 **** Incremental Build of configuration Debug for project test_stuff ****
make -j12 all 
arm-none-eabi-size   test_stuff.elf 
   text	   data	    bss	    dec	    hex	filename
  39644	    152	   3512	  43308	   a92c	test_stuff.elf
Finished building: default.size.stdout
 
21:46:02 **** Incremental Build of configuration Debug for project test_stuff ****
make -j12 all 
arm-none-eabi-size   test_stuff.elf 
   text	   data	    bss	    dec	    hex	filename
  39644	    152	   3512	  43308	   a92c	test_stuff.elf
Finished building: default.size.stdout
 
21:50:58 **** Incremental Build of configuration Debug for project test_stuff ****
make -j12 all 
arm-none-eabi-gcc "../Core/Src/main.c" -mcpu=cortex-m3 -std=gnu11 -g3 -DSTM32F105xC -DUSE_HAL_DRIVER -DDEBUG -c -I../USB_HOST/App -I../Drivers/CMSIS/Device/ST/STM32F1xx/Include -I../Drivers/CMSIS/Include -I../Middlewares/ST/STM32_USB_Host_Library/Class/HID/Inc -I../Core/Inc -I../Drivers/STM32F1xx_HAL_Driver/Inc/Legacy -I../Drivers/STM32F1xx_HAL_Driver/Inc -I../USB_HOST/Target -I../Middlewares/ST/STM32_USB_Host_Library/Core/Inc -O0 -ffunction-sections -fdata-sections -Wall -fstack-usage -MMD -MP -MF"Core/Src/main.d" -MT"Core/Src/main.o" --specs=nano.specs -mfloat-abi=soft -mthumb -o "Core/Src/main.o"
In file included from ../Middlewares/ST/STM32_USB_Host_Library/Core/Inc/usbh_def.h:29:0,
                 from ../Core/Src/main.c:26:
../USB_HOST/Target/usbh_conf.h:87:0: warning: "USBH_DEBUG_LEVEL" redefined
 #define USBH_DEBUG_LEVEL      9U
 
../Core/Src/main.c:20:0: note: this is the location of the previous definition
 #define USBH_DEBUG_LEVEL 9
 
../Core/Src/main.c: In function 'main':
../Core/Src/main.c:147:10: warning: unused variable 'key' [-Wunused-variable]
     char key = (char) USBH_HID_GetASCIICode(keyInfo);
          ^~~
../Core/Src/main.c:120:7: warning: unused variable 'ready' [-Wunused-variable]
   int ready = 0;
       ^~~~~
arm-none-eabi-gcc -o "test_stuff.elf" @"objects.list"   -mcpu=cortex-m3 -T"C:\Users\stephen\STM32CubeIDE\workspace_1.2.0\test_stuff\STM32F105RBTX_FLASH.ld" --specs=nosys.specs -Wl,-Map="test_stuff.map" -Wl,--gc-sections -static --specs=nano.specs -mfloat-abi=soft -mthumb -Wl,--start-group -lc -lm -Wl,--end-group
Finished building target: test_stuff.elf
 
arm-none-eabi-objdump -h -S  test_stuff.elf  > "test_stuff.list"
arm-none-eabi-objcopy  -O binary  test_stuff.elf  "test_stuff.bin"
arm-none-eabi-size   test_stuff.elf 
   text	   data	    bss	    dec	    hex	filename
  39656	    152	   3512	  43320	   a938	test_stuff.elf
Finished building: default.size.stdout
 
Finished building: test_stuff.bin
 
Finished building: test_stuff.list
 
21:53:26 **** Incremental Build of configuration Debug for project test_stuff ****
make -j12 all 
arm-none-eabi-gcc "../Core/Src/main.c" -mcpu=cortex-m3 -std=gnu11 -g3 -DSTM32F105xC -DUSE_HAL_DRIVER -DDEBUG -c -I../USB_HOST/App -I../Drivers/CMSIS/Device/ST/STM32F1xx/Include -I../Drivers/CMSIS/Include -I../Middlewares/ST/STM32_USB_Host_Library/Class/HID/Inc -I../Core/Inc -I../Drivers/STM32F1xx_HAL_Driver/Inc/Legacy -I../Drivers/STM32F1xx_HAL_Driver/Inc -I../USB_HOST/Target -I../Middlewares/ST/STM32_USB_Host_Library/Core/Inc -O0 -ffunction-sections -fdata-sections -Wall -fstack-usage -MMD -MP -MF"Core/Src/main.d" -MT"Core/Src/main.o" --specs=nano.specs -mfloat-abi=soft -mthumb -o "Core/Src/main.o"
In file included from ../Middlewares/ST/STM32_USB_Host_Library/Core/Inc/usbh_def.h:29:0,
                 from ../Core/Src/main.c:26:
../USB_HOST/Target/usbh_conf.h:87:0: warning: "USBH_DEBUG_LEVEL" redefined
 #define USBH_DEBUG_LEVEL      9U
 
../Core/Src/main.c:20:0: note: this is the location of the previous definition
 #define USBH_DEBUG_LEVEL 9
 
../Core/Src/main.c: In function 'main':
../Core/Src/main.c:147:10: warning: unused variable 'key' [-Wunused-variable]
     char key = (char) USBH_HID_GetASCIICode(keyInfo);
          ^~~
../Core/Src/main.c:120:7: warning: unused variable 'ready' [-Wunused-variable]
   int ready = 0;
       ^~~~~
arm-none-eabi-gcc -o "test_stuff.elf" @"objects.list"   -mcpu=cortex-m3 -T"C:\Users\stephen\STM32CubeIDE\workspace_1.2.0\test_stuff\STM32F105RBTX_FLASH.ld" --specs=nosys.specs -Wl,-Map="test_stuff.map" -Wl,--gc-sections -static --specs=nano.specs -mfloat-abi=soft -mthumb -Wl,--start-group -lc -lm -Wl,--end-group
Finished building target: test_stuff.elf
 
arm-none-eabi-objdump -h -S  test_stuff.elf  > "test_stuff.list"
arm-none-eabi-objcopy  -O binary  test_stuff.elf  "test_stuff.bin"
arm-none-eabi-size   test_stuff.elf 
   text	   data	    bss	    dec	    hex	filename
  39628	    152	   3512	  43292	   a91c	test_stuff.elf
Finished building: default.size.stdout
 
Finished building: test_stuff.bin
 
Finished building: test_stuff.list
 
22:00:37 **** Incremental Build of configuration Debug for project test_stuff ****
make -j12 all 
arm-none-eabi-size   test_stuff.elf 
   text	   data	    bss	    dec	    hex	filename
  39628	    152	   3512	  43292	   a91c	test_stuff.elf
Finished building: default.size.stdout
 
20:09:35 **** Incremental Build of configuration Debug for project test_stuff ****
make -j12 all 
arm-none-eabi-size   test_stuff.elf 
   text	   data	    bss	    dec	    hex	filename
  39628	    152	   3512	  43292	   a91c	test_stuff.elf
Finished building: default.size.stdout
 
21:06:04 **** Incremental Build of configuration Debug for project test_stuff ****
make -j12 all 
arm-none-eabi-size   test_stuff.elf 
   text	   data	    bss	    dec	    hex	filename
  39628	    152	   3512	  43292	   a91c	test_stuff.elf
Finished building: default.size.stdout
 
21:06:18 **** Incremental Build of configuration Debug for project test_stuff ****
make -j12 all 
arm-none-eabi-size   test_stuff.elf 
   text	   data	    bss	    dec	    hex	filename
  39628	    152	   3512	  43292	   a91c	test_stuff.elf
Finished building: default.size.stdout
 
